Archive member included to satisfy reference by file (symbol)

contiki-srf06-cc26xx.a(er-coap-engine.)
                              obj_srf06-cc26xx/res-leds.o (coap_rest_implementation)
contiki-srf06-cc26xx.a(er-coap-transac)
                              contiki-srf06-cc26xx.a(er-coap-engine.) (coap_register_as_transaction_handler)
contiki-srf06-cc26xx.a(er-coap-observe)
                              contiki-srf06-cc26xx.a(er-coap-transac) (coap_remove_observer_by_client)
contiki-srf06-cc26xx.a(er-coap-res-wel)
                              contiki-srf06-cc26xx.a(er-coap-engine.) (res_well_known_core)
contiki-srf06-cc26xx.a(rest-engine.o)
                              obj_srf06-cc26xx/coap-server.o (rest_init_engine)
contiki-srf06-cc26xx.a(mqtt.o)
                              obj_srf06-cc26xx/mqtt-client.o (mqtt_disconnect)
contiki-srf06-cc26xx.a(contiki-main.o)
                              obj_srf06-cc26xx/startup_gcc.o (main)
contiki-srf06-cc26xx.a(sensors.o)
                              contiki-srf06-cc26xx.a(contiki-main.o) (sensors_process)
contiki-srf06-cc26xx.a(leds.o)
                              contiki-srf06-cc26xx.a(contiki-main.o) (leds_init)
contiki-srf06-cc26xx.a(board.o)
                              contiki-srf06-cc26xx.a(contiki-main.o) (board_init)
contiki-srf06-cc26xx.a(launchpad-senso)
                              contiki-srf06-cc26xx.a(sensors.o) (sensors)
contiki-srf06-cc26xx.a(leds-arch.o)
                              contiki-srf06-cc26xx.a(leds.o) (leds_arch_init)
contiki-srf06-cc26xx.a(button-sensor.o)
                              contiki-srf06-cc26xx.a(launchpad-senso) (button_left_sensor)
contiki-srf06-cc26xx.a(board-spi.o)
                              obj_srf06-cc26xx/cbram.o (board_spi_write)
contiki-srf06-cc26xx.a(board-i2c.o)
                              obj_srf06-cc26xx/memsSensor.o (board_i2c_shutdown)
contiki-srf06-cc26xx.a(clock.o)
                              contiki-srf06-cc26xx.a(contiki-main.o) (clock_init)
contiki-srf06-cc26xx.a(rtimer-arch.o)
                              contiki-srf06-cc26xx.a(board-i2c.o) (rtimer_arch_now)
contiki-srf06-cc26xx.a(soc-rtc.o)
                              contiki-srf06-cc26xx.a(contiki-main.o) (soc_rtc_init)
contiki-srf06-cc26xx.a(contiki-watchdo)
                              contiki-srf06-cc26xx.a(contiki-main.o) (watchdog_init)
contiki-srf06-cc26xx.a(putchar.o)
                              contiki-srf06-cc26xx.a(contiki-main.o) (putchar)
contiki-srf06-cc26xx.a(ieee-addr.o)
                              contiki-srf06-cc26xx.a(contiki-main.o) (ieee_addr_cpy_to)
contiki-srf06-cc26xx.a(cc26xx-uart.o)
                              contiki-srf06-cc26xx.a(contiki-main.o) (cc26xx_uart_init)
contiki-srf06-cc26xx.a(lpm.o)
                              contiki-srf06-cc26xx.a(button-sensor.o) (lpm_shutdown)
contiki-srf06-cc26xx.a(gpio-interrupt.)
                              obj_srf06-cc26xx/carmenSensor.o (gpio_interrupt_register_handler)
contiki-srf06-cc26xx.a(oscillators.o)
                              contiki-srf06-cc26xx.a(contiki-main.o) (oscillators_select_lf_xosc)
contiki-srf06-cc26xx.a(rf-ble.o)
                              obj_srf06-cc26xx/res-ble-advd.o (rf_ble_beacond_config)
contiki-srf06-cc26xx.a(ieee-mode.o)
                              contiki-srf06-cc26xx.a(contiki-main.o) (ieee_mode_driver)
contiki-srf06-cc26xx.a(random.o)
                              contiki-srf06-cc26xx.a(er-coap-transac) (random_rand)
contiki-srf06-cc26xx.a(soc-trng.o)
                              contiki-srf06-cc26xx.a(random.o) (soc_trng_rand_synchronous)
contiki-srf06-cc26xx.a(dbg-printf.o)
                              obj_srf06-cc26xx/net-uart.o (printf)
contiki-srf06-cc26xx.a(dbg-snprintf.o)
                              cc26xx-web-demo.co (snprintf)
contiki-srf06-cc26xx.a(dbg-sprintf.o)
                              obj_srf06-cc26xx/cetic-6lbr-client.o (sprintf)
contiki-srf06-cc26xx.a(strformat.o)
                              contiki-srf06-cc26xx.a(dbg-printf.o) (format_str_v)
contiki-srf06-cc26xx.a(autostart.o)
                              contiki-srf06-cc26xx.a(contiki-main.o) (autostart_start)
contiki-srf06-cc26xx.a(energest.o)
                              contiki-srf06-cc26xx.a(contiki-main.o) (energest_init)
contiki-srf06-cc26xx.a(etimer.o)
                              contiki-srf06-cc26xx.a(contiki-main.o) (etimer_process)
contiki-srf06-cc26xx.a(ctimer.o)
                              contiki-srf06-cc26xx.a(contiki-main.o) (ctimer_init)
contiki-srf06-cc26xx.a(process.o)
                              contiki-srf06-cc26xx.a(er-coap-engine.) (process_current)
contiki-srf06-cc26xx.a(rtimer.o)
                              contiki-srf06-cc26xx.a(contiki-main.o) (rtimer_init)
contiki-srf06-cc26xx.a(timer.o)
                              obj_srf06-cc26xx/mqtt-client.o (timer_set)
contiki-srf06-cc26xx.a(serial-line.o)
                              obj_srf06-cc26xx/net-uart.o (serial_line_event_message)
[...]
Memory Configuration

Name             Origin             Length             Attributes
FLASH            0x0000000000000000 0x000000000001ffa8 xr
FLASH_CCFG       0x000000000001ffa8 0x0000000000000058 xr
SRAM             0x0000000020000000 0x0000000000005000 xrw
GPRAM            0x0000000011000000 0x0000000000002000 xrw
*default*        0x0000000000000000 0xffffffffffffffff

Linker script and memory map

LOAD obj_srf06-cc26xx/fault-handlers.o
LOAD obj_srf06-cc26xx/ccfg.o
LOAD obj_srf06-cc26xx/startup_gcc.o
LOAD cc26xx-web-demo.co
LOAD obj_srf06-cc26xx/res-leds.o
LOAD obj_srf06-cc26xx/res-toggle-leds.o
LOAD obj_srf06-cc26xx/res-device.o
LOAD obj_srf06-cc26xx/res-sensors.o
LOAD obj_srf06-cc26xx/res-ble-advd.o
LOAD obj_srf06-cc26xx/res-net.o
LOAD obj_srf06-cc26xx/cetic-6lbr-client.o
LOAD obj_srf06-cc26xx/coap-server.o
LOAD obj_srf06-cc26xx/net-uart.o
LOAD obj_srf06-cc26xx/mqtt-client.o
LOAD obj_srf06-cc26xx/memsSensor.o
LOAD obj_srf06-cc26xx/carmenSensor.o
LOAD obj_srf06-cc26xx/crc.o
LOAD obj_srf06-cc26xx/target.o
LOAD obj_srf06-cc26xx/FixedPointConversion.o
LOAD obj_srf06-cc26xx/httpd-simple.o
LOAD obj_srf06-cc26xx/cbram.o
LOAD obj_srf06-cc26xx/rtcSensor.o
LOAD obj_srf06-cc26xx/temp108Sensor.o
LOAD contiki-srf06-cc26xx.a
LOAD /usr/lib/gcc/arm-none-eabi/4.9.3/../../../arm-none-eabi/lib/armv7-m/libm.a
START GROUP
LOAD /usr/lib/gcc/arm-none-eabi/4.9.3/armv7-m/libgcc.a
LOAD /usr/lib/gcc/arm-none-eabi/4.9.3/../../../arm-none-eabi/lib/armv7-m/libc.a
END GROUP
                0x0000000020005000                _estack = (ORIGIN (SRAM) + LENGTH (SRAM))
                0x0000000000000000                _Min_Heap_Size = 0x0
                0x0000000000000100                _Min_Stack_Size = 0x100

.text           0x0000000000000000    0x1aebc
                0x0000000000000000                _text = .
 *(SORT(.vectors))
 .vectors       0x0000000000000000       0xc8 obj_srf06-cc26xx/startup_gcc.o
                0x0000000000000000                g_pfnVectors
 *(SORT(.text*))
 .text.FaultISR
                0x00000000000000c8       0x20 obj_srf06-cc26xx/fault-handlers.o
                0x00000000000000c8                FaultISR
 .text.ResetISR
                0x00000000000000e8       0x60 obj_srf06-cc26xx/startup_gcc.o
                0x00000000000000e8                ResetISR
 .text.NmiSRHandler
                0x0000000000000148        0x4 obj_srf06-cc26xx/startup_gcc.o
                0x0000000000000148                NmiSR
 .text.IntDefaultHandler
                0x000000000000014c        0x4 obj_srf06-cc26xx/startup_gcc.o
                0x000000000000014c                SSI0IntHandler
                0x000000000000014c                SWEvent0IntHandler
                0x000000000000014c                uDMAIntHandler
                0x000000000000014c                WatchdogIntHandler
                0x000000000000014c                RFCHardwareIntHandler
                0x000000000000014c                Timer1BIntHandler
                0x000000000000014c                I2SIntHandler
                0x000000000000014c                Timer2BIntHandler
                0x000000000000014c                Timer2AIntHandler
                0x000000000000014c                Timer1AIntHandler
                0x000000000000014c                AONIntHandler
                0x000000000000014c                AUXSWEvent0IntHandler
                0x000000000000014c                AUXADCIntHandler
                0x000000000000014c                PendSVIntHandler
                0x000000000000014c                AUXSWEvent1IntHandler
                0x000000000000014c                SVCallIntHandler
                0x000000000000014c                MPUFaultIntHandler
                0x000000000000014c                SysTickIntHandler
                0x000000000000014c                BusFaultIntHandler
                0x000000000000014c                AONProgIntHandler
                0x000000000000014c                AUXCompAIntHandler
                0x000000000000014c                SSI1IntHandler
                0x000000000000014c                FlashIntHandler
                0x000000000000014c                uDMAErrIntHandler
                0x000000000000014c                UsageFaultIntHandler
                0x000000000000014c                RFCCmdAckIntHandler
                0x000000000000014c                CryptoIntHandler
                0x000000000000014c                Timer0AIntHandler
                0x000000000000014c                I2CIntHandler
                0x000000000000014c                DebugMonIntHandler
                0x000000000000014c                Timer0BIntHandler
                0x000000000000014c                AUXCombEventIntHandler
                0x000000000000014c                Timer3AIntHandler
                0x000000000000014c                DynProgIntHandler
                0x000000000000014c                Timer3BIntHandler
 .text.MQTT_ShutdownTimerOn
                0x0000000000000150       0x10 cc26xx-web-demo.co
                0x0000000000000150                MQTT_ShutdownTimerOn
 .text.cc26xx_web_demo_ipaddr_sprintf
                0x0000000000000160      0x114 cc26xx-web-demo.co
                0x0000000000000160                cc26xx_web_demo_ipaddr_sprintf
 .text.cc26xx_web_demo_restore_defaults
                0x0000000000000274       0x68 cc26xx-web-demo.co
                0x0000000000000274                cc26xx_web_demo_restore_defaults
 .text.defaults_post_handler
                0x00000000000002dc       0x38 cc26xx-web-demo.co
 .text.ping_interval_post_handler
                0x0000000000000314       0x64 cc26xx-web-demo.co
 .text.echo_reply_handler
                0x0000000000000378       0x40 cc26xx-web-demo.co
 .text.ping_parent
                0x00000000000003b8       0x24 cc26xx-web-demo.co
 .text.process_thread_cc26xx_web_demo_process
                0x00000000000003dc      0x140 cc26xx-web-demo.co
 .text.set_new_ip_address
                0x000000000000051c       0x30 obj_srf06-cc26xx/net-uart.o
 .text.net_input
                0x000000000000054c       0x64 obj_srf06-cc26xx/net-uart.o
 .text.release_uart
                0x00000000000005b0        0xc obj_srf06-cc26xx/net-uart.o
 .text.keep_uart_on
                0x00000000000005bc       0x10 obj_srf06-cc26xx/net-uart.o
 .text.remote_port_post_handler
                0x00000000000005cc       0x60 obj_srf06-cc26xx/net-uart.o
 .text.remote_ipv6_post_handler
                0x000000000000062c       0x70 obj_srf06-cc26xx/net-uart.o
 .text.on_off_post_handler
                0x000000000000069c       0x70 obj_srf06-cc26xx/net-uart.o
 .text.set_config_defaults
                0x000000000000070c       0x68 obj_srf06-cc26xx/net-uart.o
 .text.process_thread_net_uart_process
                0x0000000000000774      0x1c0 obj_srf06-cc26xx/net-uart.o
 .text.publish_led_off
                0x0000000000000934       0x14 obj_srf06-cc26xx/mqtt-client.o
 .text.new_net_config
                0x0000000000000948       0x2c obj_srf06-cc26xx/mqtt-client.o
 .text.org_id_post_handler
                0x0000000000000974       0x74 obj_srf06-cc26xx/mqtt-client.o
 .text.type_id_post_handler
                0x00000000000009e8       0x78 obj_srf06-cc26xx/mqtt-client.o
 .text.event_type_id_post_handler
                0x0000000000000a60       0x78 obj_srf06-cc26xx/mqtt-client.o
 .text.cmd_type_post_handler
                0x0000000000000ad8       0x78 obj_srf06-cc26xx/mqtt-client.o
 .text.auth_token_post_handler
                0x0000000000000b50       0x78 obj_srf06-cc26xx/mqtt-client.o
 .text.interval_post_handler
                0x0000000000000bc8       0x68 obj_srf06-cc26xx/mqtt-client.o
 .text.port_post_handler
                0x0000000000000c30       0x68 obj_srf06-cc26xx/mqtt-client.o
 .text.ip_addr_post_handler
                0x0000000000000c98       0x78 obj_srf06-cc26xx/mqtt-client.o
 .text.reconnect_post_handler
                0x0000000000000d10       0x38 obj_srf06-cc26xx/mqtt-client.o
 .text.pub_handler
                0x0000000000000d48       0x68 obj_srf06-cc26xx/mqtt-client.o
 .text.mqtt_event
                0x0000000000000db0       0xc4 obj_srf06-cc26xx/mqtt-client.o
 .text.construct_pub_topic
                0x0000000000000e74       0x3c obj_srf06-cc26xx/mqtt-client.o
 .text.construct_sub_topic
                0x0000000000000eb0       0x3c obj_srf06-cc26xx/mqtt-client.o
 .text.construct_client_id
                0x0000000000000eec       0x78 obj_srf06-cc26xx/mqtt-client.o
 .text.update_config
                0x0000000000000f64       0x5c obj_srf06-cc26xx/mqtt-client.o
 .text.init_config
                0x0000000000000fc0       0xa8 obj_srf06-cc26xx/mqtt-client.o
 .text.register_http_post_handlers
                0x0000000000001068       0x60 obj_srf06-cc26xx/mqtt-client.o
 .text.subscribe
                0x00000000000010c8       0x24 obj_srf06-cc26xx/mqtt-client.o
 .text.publish  0x00000000000010ec      0x1ac obj_srf06-cc26xx/mqtt-client.o
 .text.connect_to_broker
                0x0000000000001298       0x5c obj_srf06-cc26xx/mqtt-client.o
 .text.state_machine
                0x00000000000012f4      0x228 obj_srf06-cc26xx/mqtt-client.o
 .text.process_thread_mqtt_client_process
                0x000000000000151c       0xf8 obj_srf06-cc26xx/mqtt-client.o
 .text.mqtt_GetMsgPublished
                0x0000000000001614        0xc obj_srf06-cc26xx/mqtt-client.o
                0x0000000000001614                mqtt_GetMsgPublished
 .text.mqtt_ClearMsgPublished
                0x0000000000001620        0xc obj_srf06-cc26xx/mqtt-client.o
                0x0000000000001620                mqtt_ClearMsgPublished
 .text.httpd_simple_register_post_handler
                0x000000000000162c       0x1c obj_srf06-cc26xx/httpd-simple.o
                0x000000000000162c                httpd_simple_register_post_handler
 .text.GPIO_setDio
                0x0000000000001648       0x18 obj_srf06-cc26xx/cbram.o
 .text.GPIO_clearDio
                0x0000000000001660       0x18 obj_srf06-cc26xx/cbram.o
 .text.CBRAM_PowerDown
                0x0000000000001678       0x34 obj_srf06-cc26xx/cbram.o
                0x0000000000001678                CBRAM_PowerDown
 .text.CBRAM_PowerUp
                0x00000000000016ac       0x60 obj_srf06-cc26xx/cbram.o
                0x00000000000016ac                CBRAM_PowerUp
 .text.CBRAM_WriteConfigValue
                0x000000000000170c       0x9c obj_srf06-cc26xx/cbram.o
                0x000000000000170c                CBRAM_WriteConfigValue
 .text.CBRAM_ReadMemParams
                0x00000000000017a8       0x60 obj_srf06-cc26xx/cbram.o
                0x00000000000017a8                CBRAM_ReadMemParams
 .text.CBRAM_GetParameterValues
                0x0000000000001808      0x110 obj_srf06-cc26xx/cbram.o
                0x0000000000001808                CBRAM_GetParameterValues
 .text.ProcessToken
                0x0000000000001918       0x78 obj_srf06-cc26xx/cbram.o
                0x0000000000001918                ProcessToken
 .text.CBRAM_PutBytesInBuf
                0x0000000000001990       0xfc obj_srf06-cc26xx/cbram.o
                0x0000000000001990                CBRAM_PutBytesInBuf
 .text.CBRAM_EnableSPI
                0x0000000000001a8c       0x3c obj_srf06-cc26xx/cbram.o
                0x0000000000001a8c                CBRAM_EnableSPI
 .text.CBRAM_StoreConfiguration
                0x0000000000001ac8       0x48 obj_srf06-cc26xx/cbram.o
                0x0000000000001ac8                CBRAM_StoreConfiguration
 .text.call_event
                0x0000000000001b10       0x3c contiki-srf06-cc26xx.a(mqtt.o)
 .text.reset_defaults
                0x0000000000001b4c       0x38 contiki-srf06-cc26xx.a(mqtt.o)
 .text.abort_connection
                0x0000000000001b84       0x60 contiki-srf06-cc26xx.a(mqtt.o)
 .text.connect_tcp
                0x0000000000001be4       0x6c contiki-srf06-cc26xx.a(mqtt.o)
 .text.disconnect_tcp
                0x0000000000001c50       0x3c contiki-srf06-cc26xx.a(mqtt.o)
 .text.send_out_buffer
                0x0000000000001c8c       0x50 contiki-srf06-cc26xx.a(mqtt.o)
 .text.string_to_mqtt_string
                0x0000000000001cdc       0x38 contiki-srf06-cc26xx.a(mqtt.o)
 .text.write_byte
                0x0000000000001d14       0x44 contiki-srf06-cc26xx.a(mqtt.o)
 .text.write_bytes
                0x0000000000001d58       0xa4 contiki-srf06-cc26xx.a(mqtt.o)
 .text.encode_remaining_length
                0x0000000000001dfc       0x60 contiki-srf06-cc26xx.a(mqtt.o)
 .text.keep_alive_callback
                0x0000000000001e5c       0x38 contiki-srf06-cc26xx.a(mqtt.o)
 .text.reset_packet
                0x0000000000001e94       0x20 contiki-srf06-cc26xx.a(mqtt.o)
 .text.connect_pt
                0x0000000000001eb4      0x73c contiki-srf06-cc26xx.a(mqtt.o)
 .text.disconnect_pt
                0x00000000000025f0       0xd4 contiki-srf06-cc26xx.a(mqtt.o)
 .text.subscribe_pt
                0x00000000000026c4      0x2d8 contiki-srf06-cc26xx.a(mqtt.o)
 .text.unsubscribe_pt
                0x000000000000299c      0x29c contiki-srf06-cc26xx.a(mqtt.o)
 .text.publish_pt
                0x0000000000002c38      0x370 contiki-srf06-cc26xx.a(mqtt.o)
 .text.pingreq_pt
                0x0000000000002fa8       0xfc contiki-srf06-cc26xx.a(mqtt.o)
 .text.handle_connack
                0x00000000000030a4       0x64 contiki-srf06-cc26xx.a(mqtt.o)
 .text.handle_pingresp
                0x0000000000003108        0x8 contiki-srf06-cc26xx.a(mqtt.o)
 .text.handle_suback
                0x0000000000003110       0x50 contiki-srf06-cc26xx.a(mqtt.o)
 .text.handle_unsuback
                0x0000000000003160       0x44 contiki-srf06-cc26xx.a(mqtt.o)
 .text.handle_puback
                0x00000000000031a4       0x44 contiki-srf06-cc26xx.a(mqtt.o)
 .text.handle_publish
                0x00000000000031e8       0x44 contiki-srf06-cc26xx.a(mqtt.o)
 .text.parse_publish_vhdr
                0x000000000000322c      0x174 contiki-srf06-cc26xx.a(mqtt.o)
 .text.tcp_input
                0x00000000000033a0      0x33c contiki-srf06-cc26xx.a(mqtt.o)
 .text.tcp_event
                0x00000000000036dc       0xd4 contiki-srf06-cc26xx.a(mqtt.o)
 .text.process_thread_mqtt_process
                0x00000000000037b0      0x75c contiki-srf06-cc26xx.a(mqtt.o)
 .text.mqtt_init
                0x0000000000003f0c       0xe8 contiki-srf06-cc26xx.a(mqtt.o)
                0x0000000000003f0c                mqtt_init
 .text.mqtt_register
                0x0000000000003ff4       0x70 contiki-srf06-cc26xx.a(mqtt.o)
                0x0000000000003ff4                mqtt_register
 .text.mqtt_connect
                0x0000000000004064       0xac contiki-srf06-cc26xx.a(mqtt.o)
                0x0000000000004064                mqtt_connect
 .text.mqtt_disconnect
                0x0000000000004110       0x38 contiki-srf06-cc26xx.a(mqtt.o)
                0x0000000000004110                mqtt_disconnect
 .text.mqtt_subscribe
                0x0000000000004148       0x98 contiki-srf06-cc26xx.a(mqtt.o)
                0x0000000000004148                mqtt_subscribe
 .text.mqtt_publish
                0x00000000000041e0       0xb0 contiki-srf06-cc26xx.a(mqtt.o)
                0x00000000000041e0                mqtt_publish
 .text.mqtt_set_username_password
                0x0000000000004290       0x70 contiki-srf06-cc26xx.a(mqtt.o)
                0x0000000000004290                mqtt_set_username_password
 .text.AONIOCFreezeDisable
                0x0000000000004300        0xc contiki-srf06-cc26xx.a(contiki-main.o)
 .text.IntMasterEnable
                0x000000000000430c       0x18 contiki-srf06-cc26xx.a(contiki-main.o)
 .text.IntMasterDisable
                0x0000000000004324       0x18 contiki-srf06-cc26xx.a(contiki-main.o)
 .text.ChipInfo_SupportsBLE
                0x000000000000433c       0x1c contiki-srf06-cc26xx.a(contiki-main.o)
 .text.ChipInfo_SupportsIEEE_802_15_4
                0x0000000000004358       0x1c contiki-srf06-cc26xx.a(contiki-main.o)
 .text.ChipInfo_SupportsPROPRIETARY
                0x0000000000004374       0x1c contiki-srf06-cc26xx.a(contiki-main.o)
 .text.ChipInfo_ChipFamilyIsCC13xx
                0x0000000000004390       0x18 contiki-srf06-cc26xx.a(contiki-main.o)
 .text.PowerCtrlIOFreezeDisable
                0x00000000000043a8       0x1c contiki-srf06-cc26xx.a(contiki-main.o)
 .text.set_rf_params
                0x00000000000043c4       0x94 contiki-srf06-cc26xx.a(contiki-main.o)
 .text.fade     0x0000000000004458       0x7c contiki-srf06-cc26xx.a(contiki-main.o)
 .text.main     0x00000000000044d4      0x234 contiki-srf06-cc26xx.a(contiki-main.o)
                0x00000000000044d4                main
 .text.get_sensor_index
                0x0000000000004708       0x40 contiki-srf06-cc26xx.a(sensors.o)
 .text.sensors_changed
                0x0000000000004748       0x30 contiki-srf06-cc26xx.a(sensors.o)
                0x0000000000004748                sensors_changed
 .text.process_thread_sensors_process
                0x0000000000004778      0x160 contiki-srf06-cc26xx.a(sensors.o)
 .text.show_leds
                0x00000000000048d8       0x54 contiki-srf06-cc26xx.a(leds.o)
 .text.leds_init
                0x000000000000492c       0x14 contiki-srf06-cc26xx.a(leds.o)
                0x000000000000492c                leds_init
 .text.leds_on  0x0000000000004940       0x28 contiki-srf06-cc26xx.a(leds.o)
                0x0000000000004940                leds_on
 .text.leds_off
                0x0000000000004968       0x30 contiki-srf06-cc26xx.a(leds.o)
                0x0000000000004968                leds_off
 .text.IntMasterEnable
                0x0000000000004998       0x18 contiki-srf06-cc26xx.a(board.o)
 .text.IntMasterDisable
                0x00000000000049b0       0x18 contiki-srf06-cc26xx.a(board.o)
 .text.PRCMLoadSet
                0x00000000000049c8        0xc contiki-srf06-cc26xx.a(board.o)
 .text.PRCMLoadGet
                0x00000000000049d4       0x1c contiki-srf06-cc26xx.a(board.o)
 .text.wakeup_handler
                0x00000000000049f0       0x28 contiki-srf06-cc26xx.a(board.o)
 .text.configure_unused_pins
                0x0000000000004a18       0x5c contiki-srf06-cc26xx.a(board.o)
 .text.board_init
                0x0000000000004a74       0x60 contiki-srf06-cc26xx.a(board.o)
                0x0000000000004a74                board_init
 .text.GPIO_setDio
                0x0000000000004ad4       0x18 contiki-srf06-cc26xx.a(leds-arch.o)
 .text.GPIO_clearMultiDio
                0x0000000000004aec       0x14 contiki-srf06-cc26xx.a(leds-arch.o)
 .text.leds_arch_init
                0x0000000000004b00       0x40 contiki-srf06-cc26xx.a(leds-arch.o)
                0x0000000000004b00                leds_arch_init
 .text.leds_arch_set
                0x0000000000004b40       0x4c contiki-srf06-cc26xx.a(leds-arch.o)
                0x0000000000004b40                leds_arch_set
 .text.GPIO_readDio
                0x0000000000004b8c       0x1c contiki-srf06-cc26xx.a(button-sensor.o)
 .text.GPIO_clearEventDio
                0x0000000000004ba8       0x18 contiki-srf06-cc26xx.a(button-sensor.o)
 .text.button_press_handler
                0x0000000000004bc0       0x80 contiki-srf06-cc26xx.a(button-sensor.o)
 .text.config_buttons
                0x0000000000004c40       0x98 contiki-srf06-cc26xx.a(button-sensor.o)
 .text.config_left
                0x0000000000004cd8       0x1c contiki-srf06-cc26xx.a(button-sensor.o)
 .text.config_right
                0x0000000000004cf4       0x1c contiki-srf06-cc26xx.a(button-sensor.o)
 .text.status   0x0000000000004d10       0x3c contiki-srf06-cc26xx.a(button-sensor.o)
 .text.value_left
                0x0000000000004d4c       0x3c contiki-srf06-cc26xx.a(button-sensor.o)
 .text.value_right
                0x0000000000004d88       0x3c contiki-srf06-cc26xx.a(button-sensor.o)
 .text.status_left
                0x0000000000004dc4       0x18 contiki-srf06-cc26xx.a(button-sensor.o)
 .text.status_right
                0x0000000000004ddc       0x18 contiki-srf06-cc26xx.a(button-sensor.o)
 .text.PRCMLoadSet
                0x0000000000004df4        0xc contiki-srf06-cc26xx.a(board-spi.o)
 .text.PRCMLoadGet
                0x0000000000004e00       0x1c contiki-srf06-cc26xx.a(board-spi.o)
 .text.SysCtrlClockGet
                0x0000000000004e1c        0xc contiki-srf06-cc26xx.a(board-spi.o)
 .text.SSIEnable
                0x0000000000004e28       0x1c contiki-srf06-cc26xx.a(board-spi.o)
 .text.SSIIntDisable
                0x0000000000004e44       0x20 contiki-srf06-cc26xx.a(board-spi.o)
 .text.SSIIntClear
                0x0000000000004e64       0x14 contiki-srf06-cc26xx.a(board-spi.o)
 .text.board_spi_open
                0x0000000000004e78      0x190 contiki-srf06-cc26xx.a(board-spi.o)
                0x0000000000004e78                board_spi_open
 .text.board_spi_close
                0x0000000000005008      0x154 contiki-srf06-cc26xx.a(board-spi.o)
                0x0000000000005008                board_spi_close
 .text.IntMasterEnable
                0x000000000000515c       0x18 contiki-srf06-cc26xx.a(clock.o)
 .text.IntMasterDisable
                0x0000000000005174       0x18 contiki-srf06-cc26xx.a(clock.o)
 .text.AONRTCSecGet
                0x000000000000518c        0xc contiki-srf06-cc26xx.a(clock.o)
 .text.PRCMLoadSet
                0x0000000000005198        0xc contiki-srf06-cc26xx.a(clock.o)
 .text.PRCMLoadGet
                0x00000000000051a4       0x1c contiki-srf06-cc26xx.a(clock.o)
 .text.TimerPrescaleSet
                0x00000000000051c0       0x34 contiki-srf06-cc26xx.a(clock.o)
 .text.power_domain_on
                0x00000000000051f4       0x28 contiki-srf06-cc26xx.a(clock.o)
 .text.clock_init
                0x000000000000521c       0xa8 contiki-srf06-cc26xx.a(clock.o)
                0x000000000000521c                clock_init
 .text.update_clock_variable
                0x00000000000052c4       0x4c contiki-srf06-cc26xx.a(clock.o)
 .text.clock_time
                0x0000000000005310       0x18 contiki-srf06-cc26xx.a(clock.o)
                0x0000000000005310                clock_time
 .text.clock_update
                0x0000000000005328       0x18 contiki-srf06-cc26xx.a(clock.o)
                0x0000000000005328                clock_update
 .text.clock_seconds
                0x0000000000005340       0x30 contiki-srf06-cc26xx.a(clock.o)
                0x0000000000005340                clock_seconds
 .text.rtimer_arch_init
                0x0000000000005370        0x4 contiki-srf06-cc26xx.a(rtimer-arch.o)
                0x0000000000005370                rtimer_arch_init
 .text.rtimer_arch_schedule
                0x0000000000005374       0x14 contiki-srf06-cc26xx.a(rtimer-arch.o)
                0x0000000000005374                rtimer_arch_schedule
 .text.rtimer_arch_now
                0x0000000000005388        0xc contiki-srf06-cc26xx.a(rtimer-arch.o)
                0x0000000000005388                rtimer_arch_now
 .text.IntMasterEnable
                0x0000000000005394       0x18 contiki-srf06-cc26xx.a(soc-rtc.o)
 .text.IntMasterDisable
                0x00000000000053ac       0x18 contiki-srf06-cc26xx.a(soc-rtc.o)
 .text.AONRTCEnable
                0x00000000000053c4        0xc contiki-srf06-cc26xx.a(soc-rtc.o)
 .text.AONRTCDisable
                0x00000000000053d0        0xc contiki-srf06-cc26xx.a(soc-rtc.o)
 .text.AONRTCCombinedEventConfig
                0x00000000000053dc       0x2c contiki-srf06-cc26xx.a(soc-rtc.o)
 .text.AONRTCEventClear
                0x0000000000005408       0x40 contiki-srf06-cc26xx.a(soc-rtc.o)
 .text.AONRTCEventGet
                0x0000000000005448       0x58 contiki-srf06-cc26xx.a(soc-rtc.o)
 .text.AONRTCChannelEnable
                0x00000000000054a0       0x44 contiki-srf06-cc26xx.a(soc-rtc.o)
 .text.AONRTCChannelDisable
                0x00000000000054e4       0x44 contiki-srf06-cc26xx.a(soc-rtc.o)
 .text.AONRTCCompareValueSet
                0x0000000000005528       0x48 contiki-srf06-cc26xx.a(soc-rtc.o)
 .text.soc_rtc_init
                0x0000000000005570       0xa4 contiki-srf06-cc26xx.a(soc-rtc.o)
                0x0000000000005570                soc_rtc_init
 .text.soc_rtc_schedule_one_shot
                0x0000000000005614       0x30 contiki-srf06-cc26xx.a(soc-rtc.o)
                0x0000000000005614                soc_rtc_schedule_one_shot
 .text.soc_rtc_last_isr_time
                0x0000000000005644        0xc contiki-srf06-cc26xx.a(soc-rtc.o)
                0x0000000000005644                soc_rtc_last_isr_time
 .text.AONRTCIntHandler
                0x0000000000005650       0x88 contiki-srf06-cc26xx.a(soc-rtc.o)
                0x0000000000005650                AONRTCIntHandler
 .text.IntMasterEnable
                0x00000000000056d8       0x18 contiki-srf06-cc26xx.a(contiki-watchdo)
 .text.IntMasterDisable
                0x00000000000056f0       0x18 contiki-srf06-cc26xx.a(contiki-watchdo)
 .text.WatchdogResetEnable
                0x0000000000005708        0xc contiki-srf06-cc26xx.a(contiki-watchdo)
 .text.WatchdogLock
                0x0000000000005714        0xc contiki-srf06-cc26xx.a(contiki-watchdo)
 .text.WatchdogUnlock
                0x0000000000005720       0x10 contiki-srf06-cc26xx.a(contiki-watchdo)
 .text.WatchdogLockState
                0x0000000000005730       0x18 contiki-srf06-cc26xx.a(contiki-watchdo)
 .text.WatchdogReloadSet
                0x0000000000005748       0x14 contiki-srf06-cc26xx.a(contiki-watchdo)
 .text.WatchdogIntClear
                0x000000000000575c        0xc contiki-srf06-cc26xx.a(contiki-watchdo)
 .text.unlock_config
                0x0000000000005768       0x44 contiki-srf06-cc26xx.a(contiki-watchdo)
 .text.lock_config
                0x00000000000057ac       0x28 contiki-srf06-cc26xx.a(contiki-watchdo)
 .text.watchdog_init
                0x00000000000057d4       0x14 contiki-srf06-cc26xx.a(contiki-watchdo)
                0x00000000000057d4                watchdog_init
 .text.watchdog_start
                0x00000000000057e8       0x20 contiki-srf06-cc26xx.a(contiki-watchdo)
                0x00000000000057e8                watchdog_start
 .text.watchdog_periodic
                0x0000000000005808       0x14 contiki-srf06-cc26xx.a(contiki-watchdo)
                0x0000000000005808                watchdog_periodic
 .text.putchar  0x000000000000581c       0x1c contiki-srf06-cc26xx.a(putchar.o)
                0x000000000000581c                putchar
 .text.puts     0x0000000000005838       0x54 contiki-srf06-cc26xx.a(putchar.o)
                0x0000000000005838                puts
 .text.dbg_send_bytes
                0x000000000000588c       0x50 contiki-srf06-cc26xx.a(putchar.o)
                0x000000000000588c                dbg_send_bytes
 .text.ieee_addr_cpy_to
                0x00000000000058dc       0x74 contiki-srf06-cc26xx.a(ieee-addr.o)
                0x00000000000058dc                ieee_addr_cpy_to
 .text.IntMasterEnable
                0x0000000000005950       0x18 contiki-srf06-cc26xx.a(cc26xx-uart.o)
 .text.IntMasterDisable
                0x0000000000005968       0x18 contiki-srf06-cc26xx.a(cc26xx-uart.o)
 .text.GPIO_setDio
                0x0000000000005980       0x18 contiki-srf06-cc26xx.a(cc26xx-uart.o)
 .text.PRCMLoadSet
                0x0000000000005998        0xc contiki-srf06-cc26xx.a(cc26xx-uart.o)
 .text.PRCMLoadGet
                0x00000000000059a4       0x1c contiki-srf06-cc26xx.a(cc26xx-uart.o)
 .text.SysCtrlClockGet
                0x00000000000059c0        0xc contiki-srf06-cc26xx.a(cc26xx-uart.o)
 .text.UARTFIFOLevelSet
                0x00000000000059cc       0x1c contiki-srf06-cc26xx.a(cc26xx-uart.o)
 .text.UARTCharsAvail
                0x00000000000059e8       0x20 contiki-srf06-cc26xx.a(cc26xx-uart.o)
 .text.UARTBusy
                0x0000000000005a08       0x20 contiki-srf06-cc26xx.a(cc26xx-uart.o)
 .text.UARTIntEnable
                0x0000000000005a28       0x1c contiki-srf06-cc26xx.a(cc26xx-uart.o)
 .text.UARTIntDisable
                0x0000000000005a44       0x20 contiki-srf06-cc26xx.a(cc26xx-uart.o)
 .text.UARTIntStatus
                0x0000000000005a64       0x28 contiki-srf06-cc26xx.a(cc26xx-uart.o)
 .text.UARTIntClear
                0x0000000000005a8c       0x14 contiki-srf06-cc26xx.a(cc26xx-uart.o)
 .text.usable_rx
                0x0000000000005aa0        0x8 contiki-srf06-cc26xx.a(cc26xx-uart.o)
 .text.usable_tx
                0x0000000000005aa8        0x8 contiki-srf06-cc26xx.a(cc26xx-uart.o)
 .text.power_and_clock
                0x0000000000005ab0       0x4c contiki-srf06-cc26xx.a(cc26xx-uart.o)
 .text.accessible
                0x0000000000005afc       0x38 contiki-srf06-cc26xx.a(cc26xx-uart.o)
 .text.disable_interrupts
                0x0000000000005b34       0x2c contiki-srf06-cc26xx.a(cc26xx-uart.o)
 .text.enable_interrupts
                0x0000000000005b60       0x38 contiki-srf06-cc26xx.a(cc26xx-uart.o)
 .text.configure
                0x0000000000005b98       0x98 contiki-srf06-cc26xx.a(cc26xx-uart.o)
 .text.lpm_drop_handler
                0x0000000000005c30       0xc4 contiki-srf06-cc26xx.a(cc26xx-uart.o)
 .text.enable   0x0000000000005cf4       0x28 contiki-srf06-cc26xx.a(cc26xx-uart.o)
 .text.cc26xx_uart_init
                0x0000000000005d1c       0x5c contiki-srf06-cc26xx.a(cc26xx-uart.o)
                0x0000000000005d1c                cc26xx_uart_init
 .text.cc26xx_uart_write_byte
                0x0000000000005d78       0x50 contiki-srf06-cc26xx.a(cc26xx-uart.o)
                0x0000000000005d78                cc26xx_uart_write_byte
 .text.cc26xx_uart_set_input
                0x0000000000005dc8       0x98 contiki-srf06-cc26xx.a(cc26xx-uart.o)
                0x0000000000005dc8                cc26xx_uart_set_input
 .text.cc26xx_uart_busy
                0x0000000000005e60       0x3c contiki-srf06-cc26xx.a(cc26xx-uart.o)
                0x0000000000005e60                cc26xx_uart_busy
 .text.UART0IntHandler
                0x0000000000005e9c       0x6c contiki-srf06-cc26xx.a(cc26xx-uart.o)
                0x0000000000005e9c                UART0IntHandler
 .text.IntMasterEnable
                0x0000000000005f08       0x18 contiki-srf06-cc26xx.a(lpm.o)
 .text.IntMasterDisable
                0x0000000000005f20       0x18 contiki-srf06-cc26xx.a(lpm.o)
 .text.PRCMMcuPowerOff
                0x0000000000005f38        0xc contiki-srf06-cc26xx.a(lpm.o)
 .text.PRCMMcuUldoConfigure
                0x0000000000005f44       0x14 contiki-srf06-cc26xx.a(lpm.o)
 .text.PRCMSleep
                0x0000000000005f58        0x4 contiki-srf06-cc26xx.a(lpm.o)
 .text.PRCMCacheRetentionEnable
                0x0000000000005f5c       0x14 contiki-srf06-cc26xx.a(lpm.o)
 .text.PRCMCacheRetentionDisable
                0x0000000000005f70       0x14 contiki-srf06-cc26xx.a(lpm.o)
 .text.GPIO_setOutputEnableDio
                0x0000000000005f84       0x1c contiki-srf06-cc26xx.a(lpm.o)
 .text.AONIOCFreezeEnable
                0x0000000000005fa0        0xc contiki-srf06-cc26xx.a(lpm.o)
 .text.AONIOCFreezeDisable
                0x0000000000005fac        0xc contiki-srf06-cc26xx.a(lpm.o)
 .text.AONRTCDisable
                0x0000000000005fb8        0xc contiki-srf06-cc26xx.a(lpm.o)
 .text.AONRTCChannelActive
                0x0000000000005fc4       0x58 contiki-srf06-cc26xx.a(lpm.o)
 .text.AONRTCEventClear
                0x000000000000601c       0x40 contiki-srf06-cc26xx.a(lpm.o)
 .text.AONRTCCompareValueGet
                0x000000000000605c       0x4c contiki-srf06-cc26xx.a(lpm.o)
 .text.AONWUCMcuPowerDownConfig
                0x00000000000060a8       0x24 contiki-srf06-cc26xx.a(lpm.o)
 .text.AONWUCMcuPowerOffConfig
                0x00000000000060cc       0x1c contiki-srf06-cc26xx.a(lpm.o)
 .text.AONWUCMcuWakeUpConfig
                0x00000000000060e8       0x1c contiki-srf06-cc26xx.a(lpm.o)
 .text.AONWUCMcuSRamConfig
                0x0000000000006104       0x24 contiki-srf06-cc26xx.a(lpm.o)
 .text.AONWUCShutDownEnable
                0x0000000000006128       0x20 contiki-srf06-cc26xx.a(lpm.o)
 .text.AONWUCDomainPowerDownEnable
                0x0000000000006148       0x18 contiki-srf06-cc26xx.a(lpm.o)
 .text.AONWUCJtagPowerOff
                0x0000000000006160        0xc contiki-srf06-cc26xx.a(lpm.o)
 .text.PowerCtrlIOFreezeEnable
                0x000000000000616c       0x1c contiki-srf06-cc26xx.a(lpm.o)
 .text.SysCtrlAonSync
                0x0000000000006188        0xc contiki-srf06-cc26xx.a(lpm.o)
 .text.lpm_shutdown
                0x0000000000006194      0x16c contiki-srf06-cc26xx.a(lpm.o)
                0x0000000000006194                lpm_shutdown
 .text.wake_up  0x0000000000006300       0x78 contiki-srf06-cc26xx.a(lpm.o)
 .text.check_next_rtimer
                0x0000000000006378       0x7c contiki-srf06-cc26xx.a(lpm.o)
 .text.check_next_etimer
                0x00000000000063f4       0x84 contiki-srf06-cc26xx.a(lpm.o)
 .text.setup_sleep_mode
                0x0000000000006478      0x158 contiki-srf06-cc26xx.a(lpm.o)
 .text.lpm_sleep
                0x00000000000065d0       0x18 contiki-srf06-cc26xx.a(lpm.o)
                0x00000000000065d0                lpm_sleep
 .text.deep_sleep
                0x00000000000065e8       0xe4 contiki-srf06-cc26xx.a(lpm.o)
 .text.lpm_drop
                0x00000000000066cc       0x38 contiki-srf06-cc26xx.a(lpm.o)
                0x00000000000066cc                lpm_drop
 .text.lpm_register_module
                0x0000000000006704       0x1c contiki-srf06-cc26xx.a(lpm.o)
                0x0000000000006704                lpm_register_module
 .text.lpm_unregister_module
                0x0000000000006720       0x1c contiki-srf06-cc26xx.a(lpm.o)
                0x0000000000006720                lpm_unregister_module
 .text.lpm_init
                0x000000000000673c       0x24 contiki-srf06-cc26xx.a(lpm.o)
                0x000000000000673c                lpm_init
 .text.lpm_pin_set_default_state
                0x0000000000006760       0x34 contiki-srf06-cc26xx.a(lpm.o)
                0x0000000000006760                lpm_pin_set_default_state
 .text.IntMasterEnable
                0x0000000000006794       0x18 contiki-srf06-cc26xx.a(gpio-interrupt.)
 .text.IntMasterDisable
                0x00000000000067ac       0x18 contiki-srf06-cc26xx.a(gpio-interrupt.)
 .text.GPIO_clearEventDio
                0x00000000000067c4       0x18 contiki-srf06-cc26xx.a(gpio-interrupt.)
 .text.gpio_interrupt_register_handler
                0x00000000000067dc       0x44 contiki-srf06-cc26xx.a(gpio-interrupt.)
                0x00000000000067dc                gpio_interrupt_register_handler
 .text.gpio_interrupt_init
                0x0000000000006820       0x3c contiki-srf06-cc26xx.a(gpio-interrupt.)
                0x0000000000006820                gpio_interrupt_init
 .text.GPIOIntHandler
                0x000000000000685c       0x6c contiki-srf06-cc26xx.a(gpio-interrupt.)
                0x000000000000685c                GPIOIntHandler
 .text.OSCHfSourceSwitch
                0x00000000000068c8       0x14 contiki-srf06-cc26xx.a(oscillators.o)
 .text.oscillators_select_lf_xosc
                0x00000000000068dc       0x60 contiki-srf06-cc26xx.a(oscillators.o)
                0x00000000000068dc                oscillators_select_lf_xosc
 .text.oscillators_select_lf_rcosc
                0x000000000000693c       0x48 contiki-srf06-cc26xx.a(oscillators.o)
                0x000000000000693c                oscillators_select_lf_rcosc
 .text.oscillators_request_hf_xosc
                0x0000000000006984       0x3c contiki-srf06-cc26xx.a(oscillators.o)
                0x0000000000006984                oscillators_request_hf_xosc
 .text.oscillators_switch_to_hf_xosc
                0x00000000000069c0       0x38 contiki-srf06-cc26xx.a(oscillators.o)
                0x00000000000069c0                oscillators_switch_to_hf_xosc
 .text.oscillators_switch_to_hf_rc
                0x00000000000069f8       0x40 contiki-srf06-cc26xx.a(oscillators.o)
                0x00000000000069f8                oscillators_switch_to_hf_rc
 .text.rf_ble_is_active
                0x0000000000006a38        0xc contiki-srf06-cc26xx.a(rf-ble.o)
                0x0000000000006a38                rf_ble_is_active
 .text.IntMasterEnable
                0x0000000000006a44       0x18 contiki-srf06-cc26xx.a(ieee-mode.o)
 .text.IntMasterDisable
                0x0000000000006a5c       0x18 contiki-srf06-cc26xx.a(ieee-mode.o)
 .text.rf_is_on
                0x0000000000006a74       0x28 contiki-srf06-cc26xx.a(ieee-mode.o)
 .text.transmitting
                0x0000000000006a9c       0x64 contiki-srf06-cc26xx.a(ieee-mode.o)
 .text.get_cca_info
                0x0000000000006b00       0x74 contiki-srf06-cc26xx.a(ieee-mode.o)
 .text.get_rssi
                0x0000000000006b74       0x9c contiki-srf06-cc26xx.a(ieee-mode.o)
 .text.get_tx_power
                0x0000000000006c10       0x10 contiki-srf06-cc26xx.a(ieee-mode.o)
 .text.set_tx_power
                0x0000000000006c20       0x78 contiki-srf06-cc26xx.a(ieee-mode.o)
 .text.rf_radio_setup
                0x0000000000006c98       0x78 contiki-srf06-cc26xx.a(ieee-mode.o)
 .text.rf_cmd_ieee_rx
                0x0000000000006d10       0x60 contiki-srf06-cc26xx.a(ieee-mode.o)
 .text.init_rx_buffers
                0x0000000000006d70       0x88 contiki-srf06-cc26xx.a(ieee-mode.o)
 .text.init_rf_params
                0x0000000000006df8      0x204 contiki-srf06-cc26xx.a(ieee-mode.o)
 .text.rx_on    0x0000000000006ffc       0x24 contiki-srf06-cc26xx.a(ieee-mode.o)
 .text.rx_off   0x0000000000007020       0x84 contiki-srf06-cc26xx.a(ieee-mode.o)
 .text.request  0x00000000000070a4       0x18 contiki-srf06-cc26xx.a(ieee-mode.o)
 .text.soft_off
                0x00000000000070bc       0x5c contiki-srf06-cc26xx.a(ieee-mode.o)
 .text.soft_on  0x0000000000007118       0x1c contiki-srf06-cc26xx.a(ieee-mode.o)
 .text.check_rat_overflow
                0x0000000000007134       0x9c contiki-srf06-cc26xx.a(ieee-mode.o)
 .text.handle_rat_overflow
                0x00000000000071d0       0x80 contiki-srf06-cc26xx.a(ieee-mode.o)
 .text.init     0x0000000000007250       0xac contiki-srf06-cc26xx.a(ieee-mode.o)
 .text.prepare  0x00000000000072fc       0x38 contiki-srf06-cc26xx.a(ieee-mode.o)
 .text.transmit
                0x0000000000007334      0x13c contiki-srf06-cc26xx.a(ieee-mode.o)
 .text.send     0x0000000000007470       0x2c contiki-srf06-cc26xx.a(ieee-mode.o)
 .text.release_data_entry
                0x000000000000749c       0x28 contiki-srf06-cc26xx.a(ieee-mode.o)
 .text.calc_last_packet_timestamp
                0x00000000000074c4       0xfc contiki-srf06-cc26xx.a(ieee-mode.o)
 .text.read_frame
                0x00000000000075c0      0x12c contiki-srf06-cc26xx.a(ieee-mode.o)
 .text.channel_clear
                0x00000000000076ec       0x98 contiki-srf06-cc26xx.a(ieee-mode.o)
 .text.receiving_packet
                0x0000000000007784       0x60 contiki-srf06-cc26xx.a(ieee-mode.o)
 .text.pending_packet
                0x00000000000077e4       0x5c contiki-srf06-cc26xx.a(ieee-mode.o)
 .text.on       0x0000000000007840       0x68 contiki-srf06-cc26xx.a(ieee-mode.o)
 .text.off      0x00000000000078a8       0x80 contiki-srf06-cc26xx.a(ieee-mode.o)
 .text.set_send_on_cca
                0x0000000000007928       0x1c contiki-srf06-cc26xx.a(ieee-mode.o)
 .text.get_value
                0x0000000000007944      0x1a4 contiki-srf06-cc26xx.a(ieee-mode.o)
 .text.set_value
                0x0000000000007ae8      0x234 contiki-srf06-cc26xx.a(ieee-mode.o)
 .text.get_object
                0x0000000000007d1c       0x8c contiki-srf06-cc26xx.a(ieee-mode.o)
 .text.set_object
                0x0000000000007da8       0x9c contiki-srf06-cc26xx.a(ieee-mode.o)
 .text.random_rand
                0x0000000000007e44       0x10 contiki-srf06-cc26xx.a(random.o)
                0x0000000000007e44                random_rand
 .text.random_init
                0x0000000000007e54       0x14 contiki-srf06-cc26xx.a(random.o)
                0x0000000000007e54                random_init
 .text.IntMasterEnable
                0x0000000000007e68       0x18 contiki-srf06-cc26xx.a(soc-trng.o)
 .text.IntMasterDisable
                0x0000000000007e80       0x18 contiki-srf06-cc26xx.a(soc-trng.o)
 .text.PRCMLoadSet
                0x0000000000007e98        0xc contiki-srf06-cc26xx.a(soc-trng.o)
 .text.PRCMLoadGet
                0x0000000000007ea4       0x1c contiki-srf06-cc26xx.a(soc-trng.o)
 .text.TRNGEnable
                0x0000000000007ec0        0xc contiki-srf06-cc26xx.a(soc-trng.o)
 .text.TRNGDisable
                0x0000000000007ecc        0xc contiki-srf06-cc26xx.a(soc-trng.o)
 .text.TRNGStatusGet
                0x0000000000007ed8        0xc contiki-srf06-cc26xx.a(soc-trng.o)
 .text.TRNGReset
                0x0000000000007ee4        0xc contiki-srf06-cc26xx.a(soc-trng.o)
 .text.TRNGIntDisable
                0x0000000000007ef0       0x1c contiki-srf06-cc26xx.a(soc-trng.o)
 .text.disable_number_ready_interrupt
                0x0000000000007f0c       0x1c contiki-srf06-cc26xx.a(soc-trng.o)
 .text.accessible
                0x0000000000007f28       0x38 contiki-srf06-cc26xx.a(soc-trng.o)
 .text.power_up
                0x0000000000007f60       0x4c contiki-srf06-cc26xx.a(soc-trng.o)
 .text.reset_synchronous
                0x0000000000007fac       0x18 contiki-srf06-cc26xx.a(soc-trng.o)
 .text.request  0x0000000000007fc4       0x18 contiki-srf06-cc26xx.a(soc-trng.o)
 .text.read_number
                0x0000000000007fdc       0x50 contiki-srf06-cc26xx.a(soc-trng.o)
 .text.soc_trng_rand_synchronous
                0x000000000000802c       0xd4 contiki-srf06-cc26xx.a(soc-trng.o)
                0x000000000000802c                soc_trng_rand_synchronous
 .text.process_thread_soc_trng_process
                0x0000000000008100       0xbc contiki-srf06-cc26xx.a(soc-trng.o)
 .text.TRNGIntHandler
                0x00000000000081bc       0x34 contiki-srf06-cc26xx.a(soc-trng.o)
                0x00000000000081bc                TRNGIntHandler
 .text.soc_trng_init
                0x00000000000081f0       0x2c contiki-srf06-cc26xx.a(soc-trng.o)
                0x00000000000081f0                soc_trng_init
 .text.write_str
                0x000000000000821c       0x24 contiki-srf06-cc26xx.a(dbg-printf.o)
 .text.printf   0x0000000000008240       0x28 contiki-srf06-cc26xx.a(dbg-printf.o)
                0x0000000000008240                printf
 .text.buffer_str
                0x0000000000008268       0x54 contiki-srf06-cc26xx.a(dbg-snprintf.o)
 .text.snprintf
                0x00000000000082bc       0x2c contiki-srf06-cc26xx.a(dbg-snprintf.o)
                0x00000000000082bc                snprintf
 .text.vsnprintf
                0x00000000000082e8       0x40 contiki-srf06-cc26xx.a(dbg-snprintf.o)
                0x00000000000082e8                vsnprintf
 .text.parse_flags
                0x0000000000008328       0xb0 contiki-srf06-cc26xx.a(strformat.o)
 .text.parse_uint
                0x00000000000083d8       0x54 contiki-srf06-cc26xx.a(strformat.o)
 .text.output_uint_decimal
                0x000000000000842c       0x78 contiki-srf06-cc26xx.a(strformat.o)
 .text.output_uint_hex
                0x00000000000084a4       0x78 contiki-srf06-cc26xx.a(strformat.o)
 .text.output_uint_octal
                0x000000000000851c       0x60 contiki-srf06-cc26xx.a(strformat.o)
 .text.fill_space
                0x000000000000857c       0x5c contiki-srf06-cc26xx.a(strformat.o)
 .text.fill_zero
                0x00000000000085d8       0x5c contiki-srf06-cc26xx.a(strformat.o)
 .text.format_str_v
                0x0000000000008634      0xaac contiki-srf06-cc26xx.a(strformat.o)
                0x0000000000008634                format_str_v
 .text.autostart_start
                0x00000000000090e0       0x38 contiki-srf06-cc26xx.a(autostart.o)
                0x00000000000090e0                autostart_start
 .text.energest_init
                0x0000000000009118        0x4 contiki-srf06-cc26xx.a(energest.o)
                0x0000000000009118                energest_init
 .text.update_time
                0x000000000000911c       0x80 contiki-srf06-cc26xx.a(etimer.o)
 .text.process_thread_etimer_process
                0x000000000000919c      0x138 contiki-srf06-cc26xx.a(etimer.o)
 .text.etimer_request_poll
                0x00000000000092d4       0x10 contiki-srf06-cc26xx.a(etimer.o)
                0x00000000000092d4                etimer_request_poll
 .text.add_timer
                0x00000000000092e4       0x64 contiki-srf06-cc26xx.a(etimer.o)
 .text.etimer_set
                0x0000000000009348       0x20 contiki-srf06-cc26xx.a(etimer.o)
                0x0000000000009348                etimer_set
 .text.etimer_reset
                0x0000000000009368       0x1c contiki-srf06-cc26xx.a(etimer.o)
                0x0000000000009368                etimer_reset
 .text.etimer_restart
                0x0000000000009384       0x1c contiki-srf06-cc26xx.a(etimer.o)
                0x0000000000009384                etimer_restart
 .text.etimer_expired
                0x00000000000093a0       0x18 contiki-srf06-cc26xx.a(etimer.o)
                0x00000000000093a0                etimer_expired
 .text.etimer_expiration_time
                0x00000000000093b8       0x14 contiki-srf06-cc26xx.a(etimer.o)
                0x00000000000093b8                etimer_expiration_time
 .text.etimer_pending
                0x00000000000093cc       0x18 contiki-srf06-cc26xx.a(etimer.o)
                0x00000000000093cc                etimer_pending
 .text.etimer_next_expiration_time
                0x00000000000093e4       0x1c contiki-srf06-cc26xx.a(etimer.o)
                0x00000000000093e4                etimer_next_expiration_time
 .text.etimer_stop
                0x0000000000009400       0x68 contiki-srf06-cc26xx.a(etimer.o)
                0x0000000000009400                etimer_stop
 .text.process_thread_ctimer_process
                0x0000000000009468       0xf0 contiki-srf06-cc26xx.a(ctimer.o)
 .text.ctimer_init
                0x0000000000009558       0x28 contiki-srf06-cc26xx.a(ctimer.o)
                0x0000000000009558                ctimer_init
 .text.ctimer_set
                0x0000000000009580       0x28 contiki-srf06-cc26xx.a(ctimer.o)
                0x0000000000009580                ctimer_set
 .text.ctimer_set_with_process
                0x00000000000095a8       0x70 contiki-srf06-cc26xx.a(ctimer.o)
                0x00000000000095a8                ctimer_set_with_process
 .text.ctimer_reset
                0x0000000000009618       0x4c contiki-srf06-cc26xx.a(ctimer.o)
                0x0000000000009618                ctimer_reset
 .text.ctimer_restart
                0x0000000000009664       0x4c contiki-srf06-cc26xx.a(ctimer.o)
                0x0000000000009664                ctimer_restart
 .text.ctimer_stop
                0x00000000000096b0       0x40 contiki-srf06-cc26xx.a(ctimer.o)
                0x00000000000096b0                ctimer_stop
 .text.process_alloc_event
                0x00000000000096f0       0x14 contiki-srf06-cc26xx.a(process.o)
                0x00000000000096f0                process_alloc_event
 .text.process_start
                0x0000000000009704       0x5c contiki-srf06-cc26xx.a(process.o)
                0x0000000000009704                process_start
 .text.exit_process
                0x0000000000009760       0xc0 contiki-srf06-cc26xx.a(process.o)
 .text.call_process
                0x0000000000009820       0x78 contiki-srf06-cc26xx.a(process.o)
 .text.process_init
                0x0000000000009898       0x38 contiki-srf06-cc26xx.a(process.o)
                0x0000000000009898                process_init
 .text.do_poll  0x00000000000098d0       0x4c contiki-srf06-cc26xx.a(process.o)
 .text.do_event
                0x000000000000991c       0xec contiki-srf06-cc26xx.a(process.o)
 .text.process_run
                0x0000000000009a08       0x30 contiki-srf06-cc26xx.a(process.o)
                0x0000000000009a08                process_run
 .text.process_nevents
                0x0000000000009a38       0x1c contiki-srf06-cc26xx.a(process.o)
                0x0000000000009a38                process_nevents
 .text.process_post
                0x0000000000009a54       0x8c contiki-srf06-cc26xx.a(process.o)
                0x0000000000009a54                process_post
 .text.process_post_synch
                0x0000000000009ae0       0x34 contiki-srf06-cc26xx.a(process.o)
                0x0000000000009ae0                process_post_synch
 .text.process_poll
                0x0000000000009b14       0x30 contiki-srf06-cc26xx.a(process.o)
                0x0000000000009b14                process_poll
 .text.process_is_running
                0x0000000000009b44       0x18 contiki-srf06-cc26xx.a(process.o)
                0x0000000000009b44                process_is_running
 .text.rtimer_init
                0x0000000000009b5c        0x8 contiki-srf06-cc26xx.a(rtimer.o)
                0x0000000000009b5c                rtimer_init
 .text.rtimer_set
                0x0000000000009b64       0x50 contiki-srf06-cc26xx.a(rtimer.o)
                0x0000000000009b64                rtimer_set
 .text.rtimer_run_next
                0x0000000000009bb4       0x48 contiki-srf06-cc26xx.a(rtimer.o)
                0x0000000000009bb4                rtimer_run_next
 .text.timer_set
                0x0000000000009bfc       0x20 contiki-srf06-cc26xx.a(timer.o)
                0x0000000000009bfc                timer_set
 .text.timer_reset
                0x0000000000009c1c       0x18 contiki-srf06-cc26xx.a(timer.o)
                0x0000000000009c1c                timer_reset
 .text.timer_restart
                0x0000000000009c34       0x18 contiki-srf06-cc26xx.a(timer.o)
                0x0000000000009c34                timer_restart
 .text.timer_expired
                0x0000000000009c4c       0x30 contiki-srf06-cc26xx.a(timer.o)
                0x0000000000009c4c                timer_expired
 .text.serial_line_input_byte
                0x0000000000009c7c       0x74 contiki-srf06-cc26xx.a(serial-line.o)
                0x0000000000009c7c                serial_line_input_byte
 .text.process_thread_serial_line_process
                0x0000000000009cf0      0x108 contiki-srf06-cc26xx.a(serial-line.o)
 .text.serial_line_init
                0x0000000000009df8       0x24 contiki-srf06-cc26xx.a(serial-line.o)
                0x0000000000009df8                serial_line_init
 .text.list_init
                0x0000000000009e1c       0x10 contiki-srf06-cc26xx.a(list.o)
                0x0000000000009e1c                list_init
 .text.list_head
                0x0000000000009e2c       0x10 contiki-srf06-cc26xx.a(list.o)
                0x0000000000009e2c                list_head
 .text.list_tail
                0x0000000000009e3c       0x30 contiki-srf06-cc26xx.a(list.o)
                0x0000000000009e3c                list_tail
 .text.list_add
                0x0000000000009e6c       0x38 contiki-srf06-cc26xx.a(list.o)
                0x0000000000009e6c                list_add
 .text.list_push
                0x0000000000009ea4       0x24 contiki-srf06-cc26xx.a(list.o)
                0x0000000000009ea4                list_push
 .text.list_remove
                0x0000000000009ec8       0x58 contiki-srf06-cc26xx.a(list.o)
                0x0000000000009ec8                list_remove
 .text.list_length
                0x0000000000009f20       0x2c contiki-srf06-cc26xx.a(list.o)
                0x0000000000009f20                list_length
 .text.list_item_next
                0x0000000000009f4c       0x18 contiki-srf06-cc26xx.a(list.o)
                0x0000000000009f4c                list_item_next
 .text.memb_init
                0x0000000000009f64       0x3c contiki-srf06-cc26xx.a(memb.o)
                0x0000000000009f64                memb_init
 .text.memb_alloc
                0x0000000000009fa0       0x58 contiki-srf06-cc26xx.a(memb.o)
                0x0000000000009fa0                memb_alloc
 .text.memb_free
                0x0000000000009ff8       0x6c contiki-srf06-cc26xx.a(memb.o)
                0x0000000000009ff8                memb_free
 .text.memb_inmemb
                0x000000000000a064       0x38 contiki-srf06-cc26xx.a(memb.o)
                0x000000000000a064                memb_inmemb
 .text.memb_numfree
                0x000000000000a09c       0x3c contiki-srf06-cc26xx.a(memb.o)
                0x000000000000a09c                memb_numfree
 .text.ringbuf_init
                0x000000000000a0d8       0x30 contiki-srf06-cc26xx.a(ringbuf.o)
                0x000000000000a0d8                ringbuf_init
 .text.ringbuf_put
                0x000000000000a108       0x5c contiki-srf06-cc26xx.a(ringbuf.o)
                0x000000000000a108                ringbuf_put
 .text.ringbuf_get
                0x000000000000a164       0x58 contiki-srf06-cc26xx.a(ringbuf.o)
                0x000000000000a164                ringbuf_get
 .text.input_handler_lookup
                0x000000000000a1bc       0x64 contiki-srf06-cc26xx.a(uip-icmp6.o)
 .text.uip_icmp6_input
                0x000000000000a220       0x4c contiki-srf06-cc26xx.a(uip-icmp6.o)
                0x000000000000a220                uip_icmp6_input
 .text.uip_icmp6_register_input_handler
                0x000000000000a26c       0x1c contiki-srf06-cc26xx.a(uip-icmp6.o)
                0x000000000000a26c                uip_icmp6_register_input_handler
 .text.echo_request_input
                0x000000000000a288      0x128 contiki-srf06-cc26xx.a(uip-icmp6.o)
 .text.uip_icmp6_error_output
                0x000000000000a3b0      0x238 contiki-srf06-cc26xx.a(uip-icmp6.o)
                0x000000000000a3b0                uip_icmp6_error_output
 .text.uip_icmp6_send
                0x000000000000a5e8       0xc8 contiki-srf06-cc26xx.a(uip-icmp6.o)
                0x000000000000a5e8                uip_icmp6_send
 .text.echo_reply_input
                0x000000000000a6b0       0xe0 contiki-srf06-cc26xx.a(uip-icmp6.o)
 .text.uip_icmp6_echo_reply_callback_add
                0x000000000000a790       0x30 contiki-srf06-cc26xx.a(uip-icmp6.o)
                0x000000000000a790                uip_icmp6_echo_reply_callback_add
 .text.uip_icmp6_init
                0x000000000000a7c0       0x18 contiki-srf06-cc26xx.a(uip-icmp6.o)
                0x000000000000a7c0                uip_icmp6_init
 .text.uip_ds6_init
                0x000000000000a7d8      0x13c contiki-srf06-cc26xx.a(uip-ds6.o)
                0x000000000000a7d8                uip_ds6_init
 .text.uip_ds6_periodic
                0x000000000000a914       0x6c contiki-srf06-cc26xx.a(uip-ds6.o)
                0x000000000000a914                uip_ds6_periodic
 .text.uip_ds6_list_loop
                0x000000000000a980       0x8c contiki-srf06-cc26xx.a(uip-ds6.o)
                0x000000000000a980                uip_ds6_list_loop
 .text.uip_ds6_prefix_add
                0x000000000000aa0c       0xa0 contiki-srf06-cc26xx.a(uip-ds6.o)
                0x000000000000aa0c                uip_ds6_prefix_add
 .text.uip_ds6_is_addr_onlink
                0x000000000000aaac       0x68 contiki-srf06-cc26xx.a(uip-ds6.o)
                0x000000000000aaac                uip_ds6_is_addr_onlink
 .text.uip_ds6_addr_add
                0x000000000000ab14       0xe8 contiki-srf06-cc26xx.a(uip-ds6.o)
                0x000000000000ab14                uip_ds6_addr_add
 .text.uip_ds6_addr_rm
                0x000000000000abfc       0x88 contiki-srf06-cc26xx.a(uip-ds6.o)
                0x000000000000abfc                uip_ds6_addr_rm
 .text.uip_ds6_addr_lookup
                0x000000000000ac84       0x38 contiki-srf06-cc26xx.a(uip-ds6.o)
                0x000000000000ac84                uip_ds6_addr_lookup
 .text.uip_ds6_get_link_local
                0x000000000000acbc       0x78 contiki-srf06-cc26xx.a(uip-ds6.o)
                0x000000000000acbc                uip_ds6_get_link_local
 .text.uip_ds6_get_global
                0x000000000000ad34       0x78 contiki-srf06-cc26xx.a(uip-ds6.o)
                0x000000000000ad34                uip_ds6_get_global
 .text.uip_ds6_maddr_add
                0x000000000000adac       0x58 contiki-srf06-cc26xx.a(uip-ds6.o)
                0x000000000000adac                uip_ds6_maddr_add
 .text.uip_ds6_maddr_rm
                0x000000000000ae04       0x18 contiki-srf06-cc26xx.a(uip-ds6.o)
                0x000000000000ae04                uip_ds6_maddr_rm
 .text.uip_ds6_maddr_lookup
                0x000000000000ae1c       0x38 contiki-srf06-cc26xx.a(uip-ds6.o)
                0x000000000000ae1c                uip_ds6_maddr_lookup
 .text.uip_ds6_select_src
                0x000000000000ae54      0x10c contiki-srf06-cc26xx.a(uip-ds6.o)
                0x000000000000ae54                uip_ds6_select_src
 .text.uip_ds6_set_addr_iid
                0x000000000000af60       0x2c contiki-srf06-cc26xx.a(uip-ds6.o)
                0x000000000000af60                uip_ds6_set_addr_iid
 .text.get_match_length
                0x000000000000af8c       0xa4 contiki-srf06-cc26xx.a(uip-ds6.o)
                0x000000000000af8c                get_match_length
 .text.uip_ds6_compute_reachable_time
                0x000000000000b030       0x48 contiki-srf06-cc26xx.a(uip-ds6.o)
                0x000000000000b030                uip_ds6_compute_reachable_time
 .text.call_route_callback
                0x000000000000b078       0x64 contiki-srf06-cc26xx.a(uip-ds6-route.o)
 .text.uip_ds6_route_init
                0x000000000000b0dc       0x58 contiki-srf06-cc26xx.a(uip-ds6-route.o)
                0x000000000000b0dc                uip_ds6_route_init
 .text.uip_ds6_route_nexthop_lladdr
                0x000000000000b134       0x30 contiki-srf06-cc26xx.a(uip-ds6-route.o)
 .text.uip_ds6_route_nexthop
                0x000000000000b164       0x28 contiki-srf06-cc26xx.a(uip-ds6-route.o)
                0x000000000000b164                uip_ds6_route_nexthop
 .text.uip_ds6_route_head
                0x000000000000b18c       0x18 contiki-srf06-cc26xx.a(uip-ds6-route.o)
                0x000000000000b18c                uip_ds6_route_head
 .text.uip_ds6_route_next
                0x000000000000b1a4       0x24 contiki-srf06-cc26xx.a(uip-ds6-route.o)
                0x000000000000b1a4                uip_ds6_route_next
 .text.uip_ds6_route_is_nexthop
                0x000000000000b1c8       0x3c contiki-srf06-cc26xx.a(uip-ds6-route.o)
                0x000000000000b1c8                uip_ds6_route_is_nexthop
 .text.uip_ds6_route_num_routes
                0x000000000000b204        0xc contiki-srf06-cc26xx.a(uip-ds6-route.o)
                0x000000000000b204                uip_ds6_route_num_routes
 .text.uip_ds6_route_lookup
                0x000000000000b210       0xac contiki-srf06-cc26xx.a(uip-ds6-route.o)
                0x000000000000b210                uip_ds6_route_lookup
 .text.uip_ds6_route_add
                0x000000000000b2bc      0x174 contiki-srf06-cc26xx.a(uip-ds6-route.o)
                0x000000000000b2bc                uip_ds6_route_add
 .text.uip_ds6_route_rm
                0x000000000000b430       0xd8 contiki-srf06-cc26xx.a(uip-ds6-route.o)
                0x000000000000b430                uip_ds6_route_rm
 .text.rm_routelist
                0x000000000000b508       0x54 contiki-srf06-cc26xx.a(uip-ds6-route.o)
 .text.rm_routelist_callback
                0x000000000000b55c       0x14 contiki-srf06-cc26xx.a(uip-ds6-route.o)
 .text.uip_ds6_defrt_add
                0x000000000000b570       0x80 contiki-srf06-cc26xx.a(uip-ds6-route.o)
                0x000000000000b570                uip_ds6_defrt_add
 .text.uip_ds6_defrt_rm
                0x000000000000b5f0       0x60 contiki-srf06-cc26xx.a(uip-ds6-route.o)
                0x000000000000b5f0                uip_ds6_defrt_rm
 .text.uip_ds6_defrt_lookup
                0x000000000000b650       0x48 contiki-srf06-cc26xx.a(uip-ds6-route.o)
                0x000000000000b650                uip_ds6_defrt_lookup
 .text.uip_ds6_defrt_choose
                0x000000000000b698       0x58 contiki-srf06-cc26xx.a(uip-ds6-route.o)
                0x000000000000b698                uip_ds6_defrt_choose
 .text.uip_ds6_defrt_periodic
                0x000000000000b6f0       0x58 contiki-srf06-cc26xx.a(uip-ds6-route.o)
                0x000000000000b6f0                uip_ds6_defrt_periodic
 .text.uip_add32
                0x000000000000b748       0xc4 contiki-srf06-cc26xx.a(uip6.o)
                0x000000000000b748                uip_add32
 .text.chksum   0x000000000000b80c       0xb0 contiki-srf06-cc26xx.a(uip6.o)
 .text.upper_layer_chksum
                0x000000000000b8bc       0xa4 contiki-srf06-cc26xx.a(uip6.o)
 .text.uip_icmp6chksum
                0x000000000000b960       0x10 contiki-srf06-cc26xx.a(uip6.o)
                0x000000000000b960                uip_icmp6chksum
 .text.uip_tcpchksum
                0x000000000000b970       0x10 contiki-srf06-cc26xx.a(uip6.o)
                0x000000000000b970                uip_tcpchksum
 .text.uip_udpchksum
                0x000000000000b980       0x10 contiki-srf06-cc26xx.a(uip6.o)
                0x000000000000b980                uip_udpchksum
 .text.uip_init
                0x000000000000b990       0x90 contiki-srf06-cc26xx.a(uip6.o)
                0x000000000000b990                uip_init
 .text.uip_connect
                0x000000000000ba20      0x144 contiki-srf06-cc26xx.a(uip6.o)
                0x000000000000ba20                uip_connect
 .text.remove_ext_hdr
                0x000000000000bb64       0x8c contiki-srf06-cc26xx.a(uip6.o)
                0x000000000000bb64                remove_ext_hdr
 .text.uip_udp_new
                0x000000000000bbf0       0xec contiki-srf06-cc26xx.a(uip6.o)
                0x000000000000bbf0                uip_udp_new
 .text.uip_unlisten
                0x000000000000bcdc       0x40 contiki-srf06-cc26xx.a(uip6.o)
                0x000000000000bcdc                uip_unlisten
 .text.uip_add_rcv_nxt
                0x000000000000bd1c       0x54 contiki-srf06-cc26xx.a(uip6.o)
 .text.ext_hdr_options_process
                0x000000000000bd70      0x144 contiki-srf06-cc26xx.a(uip6.o)
 .text.uip_process
                0x000000000000beb4     0x161c contiki-srf06-cc26xx.a(uip6.o)
                0x000000000000beb4                uip_process
 .text.uip_htons
                0x000000000000d4d0       0x28 contiki-srf06-cc26xx.a(uip6.o)
                0x000000000000d4d0                uip_htons
 .text.uip_htonl
                0x000000000000d4f8       0x44 contiki-srf06-cc26xx.a(uip6.o)
                0x000000000000d4f8                uip_htonl
 .text.uip_send
                0x000000000000d53c       0x8c contiki-srf06-cc26xx.a(uip6.o)
                0x000000000000d53c                uip_send
 .text.uip_ds6_neighbors_init
                0x000000000000d5c8       0x1c contiki-srf06-cc26xx.a(uip-ds6-nbr.o)
                0x000000000000d5c8                uip_ds6_neighbors_init
 .text.uip_ds6_nbr_add
                0x000000000000d5e4       0x68 contiki-srf06-cc26xx.a(uip-ds6-nbr.o)
                0x000000000000d5e4                uip_ds6_nbr_add
 .text.uip_ds6_nbr_rm
                0x000000000000d64c       0x30 contiki-srf06-cc26xx.a(uip-ds6-nbr.o)
                0x000000000000d64c                uip_ds6_nbr_rm
 .text.uip_ds6_nbr_get_ll
                0x000000000000d67c       0x20 contiki-srf06-cc26xx.a(uip-ds6-nbr.o)
                0x000000000000d67c                uip_ds6_nbr_get_ll
 .text.uip_ds6_nbr_lookup
                0x000000000000d69c       0x54 contiki-srf06-cc26xx.a(uip-ds6-nbr.o)
                0x000000000000d69c                uip_ds6_nbr_lookup
 .text.uip_ds6_nbr_ll_lookup
                0x000000000000d6f0       0x20 contiki-srf06-cc26xx.a(uip-ds6-nbr.o)
                0x000000000000d6f0                uip_ds6_nbr_ll_lookup
 .text.uip_ds6_nbr_ipaddr_from_lladdr
                0x000000000000d710       0x24 contiki-srf06-cc26xx.a(uip-ds6-nbr.o)
                0x000000000000d710                uip_ds6_nbr_ipaddr_from_lladdr
 .text.uip_ds6_nbr_lladdr_from_ipaddr
                0x000000000000d734       0x28 contiki-srf06-cc26xx.a(uip-ds6-nbr.o)
                0x000000000000d734                uip_ds6_nbr_lladdr_from_ipaddr
 .text.uip_ds6_link_neighbor_callback
                0x000000000000d75c       0x40 contiki-srf06-cc26xx.a(uip-ds6-nbr.o)
                0x000000000000d75c                uip_ds6_link_neighbor_callback
 .text.extract_lladdr_from_llao_aligned
                0x000000000000d79c       0x38 contiki-srf06-cc26xx.a(uip-nd6.o)
 .text.create_llao
                0x000000000000d7d4       0x44 contiki-srf06-cc26xx.a(uip-nd6.o)
 .text.ns_input
                0x000000000000d818      0x3e0 contiki-srf06-cc26xx.a(uip-nd6.o)
 .text.uip_nd6_init
                0x000000000000dbf8       0x10 contiki-srf06-cc26xx.a(uip-nd6.o)
                0x000000000000dbf8                uip_nd6_init
 .text.clear_fragments
                0x000000000000dc08       0x8c contiki-srf06-cc26xx.a(sicslowpan.o)
 .text.timeout_fragments
                0x000000000000dc94       0x74 contiki-srf06-cc26xx.a(sicslowpan.o)
 .text.store_fragment
                0x000000000000dd08       0xe8 contiki-srf06-cc26xx.a(sicslowpan.o)
 .text.add_fragment
                0x000000000000ddf0      0x1f4 contiki-srf06-cc26xx.a(sicslowpan.o)
 .text.copy_frags2uip
                0x000000000000dfe4       0xd8 contiki-srf06-cc26xx.a(sicslowpan.o)
 .text.set_packet_attrs
                0x000000000000e0bc       0x8c contiki-srf06-cc26xx.a(sicslowpan.o)
 .text.addr_context_lookup_by_prefix
                0x000000000000e148       0x6c contiki-srf06-cc26xx.a(sicslowpan.o)
 .text.addr_context_lookup_by_number
                0x000000000000e1b4       0x64 contiki-srf06-cc26xx.a(sicslowpan.o)
 .text.compress_addr_64
                0x000000000000e218      0x108 contiki-srf06-cc26xx.a(sicslowpan.o)
 .text.uncompress_addr
                0x000000000000e320      0x100 contiki-srf06-cc26xx.a(sicslowpan.o)
 .text.compress_hdr_iphc
                0x000000000000e420      0x78c contiki-srf06-cc26xx.a(sicslowpan.o)
 .text.uncompress_hdr_iphc
                0x000000000000ebac      0x69c contiki-srf06-cc26xx.a(sicslowpan.o)
 .text.compress_hdr_ipv6
                0x000000000000f248       0x60 contiki-srf06-cc26xx.a(sicslowpan.o)
 .text.packet_sent
                0x000000000000f2a8       0x38 contiki-srf06-cc26xx.a(sicslowpan.o)
 .text.send_packet
                0x000000000000f2e0       0x2c contiki-srf06-cc26xx.a(sicslowpan.o)
 .text.output   0x000000000000f30c      0x3a0 contiki-srf06-cc26xx.a(sicslowpan.o)
 .text.input    0x000000000000f6ac      0x3dc contiki-srf06-cc26xx.a(sicslowpan.o)
 .text.sicslowpan_init
                0x000000000000fa88       0x2c contiki-srf06-cc26xx.a(sicslowpan.o)
                0x000000000000fa88                sicslowpan_init
 .text.sicslowpan_get_last_rssi
                0x000000000000fab4        0xc contiki-srf06-cc26xx.a(sicslowpan.o)
                0x000000000000fab4                sicslowpan_get_last_rssi
 .text.call_event
                0x000000000000fac0       0x30 contiki-srf06-cc26xx.a(tcp-socket.o)
 .text.senddata
                0x000000000000faf0       0x50 contiki-srf06-cc26xx.a(tcp-socket.o)
 .text.acked    0x000000000000fb40       0x9c contiki-srf06-cc26xx.a(tcp-socket.o)
 .text.newdata  0x000000000000fbdc       0x90 contiki-srf06-cc26xx.a(tcp-socket.o)
 .text.relisten
                0x000000000000fc6c       0x28 contiki-srf06-cc26xx.a(tcp-socket.o)
 .text.appcall  0x000000000000fc94      0x228 contiki-srf06-cc26xx.a(tcp-socket.o)
 .text.process_thread_tcp_socket_process
                0x000000000000febc       0x6c contiki-srf06-cc26xx.a(tcp-socket.o)
 .text.init     0x000000000000ff28       0x30 contiki-srf06-cc26xx.a(tcp-socket.o)
 .text.tcp_socket_register
                0x000000000000ff58       0x78 contiki-srf06-cc26xx.a(tcp-socket.o)
                0x000000000000ff58                tcp_socket_register
 .text.tcp_socket_connect
                0x000000000000ffd0       0x7c contiki-srf06-cc26xx.a(tcp-socket.o)
                0x000000000000ffd0                tcp_socket_connect
 .text.tcp_socket_unlisten
                0x000000000001004c       0x60 contiki-srf06-cc26xx.a(tcp-socket.o)
                0x000000000001004c                tcp_socket_unlisten
 .text.tcp_socket_send
                0x00000000000100ac       0x78 contiki-srf06-cc26xx.a(tcp-socket.o)
                0x00000000000100ac                tcp_socket_send
 .text.tcp_socket_close
                0x0000000000010124       0x2c contiki-srf06-cc26xx.a(tcp-socket.o)
                0x0000000000010124                tcp_socket_close
 .text.tcp_socket_unregister
                0x0000000000010150       0x48 contiki-srf06-cc26xx.a(tcp-socket.o)
                0x0000000000010150                tcp_socket_unregister
 .text.uip_udp_packet_send
                0x0000000000010198       0x54 contiki-srf06-cc26xx.a(uip-udp-packet.)
                0x0000000000010198                uip_udp_packet_send
 .text.uip_udp_packet_sendto
                0x00000000000101ec       0x60 contiki-srf06-cc26xx.a(uip-udp-packet.)
                0x00000000000101ec                uip_udp_packet_sendto
 .text.tcpip_output
                0x000000000001024c       0x30 contiki-srf06-cc26xx.a(tcpip.o)
                0x000000000001024c                tcpip_output
 .text.tcpip_set_outputfunc
                0x000000000001027c       0x14 contiki-srf06-cc26xx.a(tcpip.o)
                0x000000000001027c                tcpip_set_outputfunc
 .text.start_periodic_tcp_timer
                0x0000000000010290       0x1c contiki-srf06-cc26xx.a(tcpip.o)
 .text.check_for_tcp_syn
                0x00000000000102ac       0x24 contiki-srf06-cc26xx.a(tcpip.o)
 .text.packet_input
                0x00000000000102d0       0x28 contiki-srf06-cc26xx.a(tcpip.o)
 .text.tcp_connect
                0x00000000000102f8       0x48 contiki-srf06-cc26xx.a(tcpip.o)
                0x00000000000102f8                tcp_connect
 .text.tcp_unlisten
                0x0000000000010340       0x68 contiki-srf06-cc26xx.a(tcpip.o)
                0x0000000000010340                tcp_unlisten
 .text.tcp_attach
                0x00000000000103a8       0x24 contiki-srf06-cc26xx.a(tcpip.o)
                0x00000000000103a8                tcp_attach
 .text.udp_new  0x00000000000103cc       0x48 contiki-srf06-cc26xx.a(tcpip.o)
                0x00000000000103cc                udp_new
 .text.tcpip_icmp6_call
                0x0000000000010414       0x38 contiki-srf06-cc26xx.a(tcpip.o)
                0x0000000000010414                tcpip_icmp6_call
 .text.eventhandler
                0x000000000001044c      0x1b0 contiki-srf06-cc26xx.a(tcpip.o)
 .text.tcpip_input
                0x00000000000105fc       0x28 contiki-srf06-cc26xx.a(tcpip.o)
                0x00000000000105fc                tcpip_input
 .text.tcpip_ipv6_output
                0x0000000000010624      0x170 contiki-srf06-cc26xx.a(tcpip.o)
                0x0000000000010624                tcpip_ipv6_output
 .text.tcpip_poll_tcp
                0x0000000000010794       0x1c contiki-srf06-cc26xx.a(tcpip.o)
                0x0000000000010794                tcpip_poll_tcp
 .text.tcpip_uipcall
                0x00000000000107b0       0xb0 contiki-srf06-cc26xx.a(tcpip.o)
                0x00000000000107b0                tcpip_uipcall
 .text.process_thread_tcpip_process
                0x0000000000010860       0xd0 contiki-srf06-cc26xx.a(tcpip.o)
 .text.uiplib_ip6addrconv
                0x0000000000010930      0x19c contiki-srf06-cc26xx.a(uiplib.o)
                0x0000000000010930                uiplib_ip6addrconv
 .text.uip_debug_ipaddr_print
                0x0000000000010acc       0xfc contiki-srf06-cc26xx.a(uip-debug.o)
                0x0000000000010acc                uip_debug_ipaddr_print
 .text.nbr_callback
                0x0000000000010bc8       0x14 contiki-srf06-cc26xx.a(rpl-dag.o)
 .text.rpl_dag_init
                0x0000000000010bdc       0x18 contiki-srf06-cc26xx.a(rpl-dag.o)
                0x0000000000010bdc                rpl_dag_init
 .text.rpl_get_parent
                0x0000000000010bf4       0x24 contiki-srf06-cc26xx.a(rpl-dag.o)
                0x0000000000010bf4                rpl_get_parent
 .text.rpl_rank_via_parent
                0x0000000000010c18       0x50 contiki-srf06-cc26xx.a(rpl-dag.o)
                0x0000000000010c18                rpl_rank_via_parent
 .text.rpl_get_parent_lladdr
                0x0000000000010c68       0x20 contiki-srf06-cc26xx.a(rpl-dag.o)
                0x0000000000010c68                rpl_get_parent_lladdr
 .text.rpl_get_parent_ipaddr
                0x0000000000010c88       0x20 contiki-srf06-cc26xx.a(rpl-dag.o)
                0x0000000000010c88                rpl_get_parent_ipaddr
 .text.rpl_get_parent_link_stats
                0x0000000000010ca8       0x20 contiki-srf06-cc26xx.a(rpl-dag.o)
                0x0000000000010ca8                rpl_get_parent_link_stats
 .text.rpl_parent_is_fresh
                0x0000000000010cc8       0x20 contiki-srf06-cc26xx.a(rpl-dag.o)
                0x0000000000010cc8                rpl_parent_is_fresh
 .text.rpl_parent_is_reachable
                0x0000000000010ce8       0x60 contiki-srf06-cc26xx.a(rpl-dag.o)
                0x0000000000010ce8                rpl_parent_is_reachable
 .text.rpl_set_preferred_parent
                0x0000000000010d48       0x44 contiki-srf06-cc26xx.a(rpl-dag.o)
 .text.lollipop_greater_than
                0x0000000000010d8c       0x5c contiki-srf06-cc26xx.a(rpl-dag.o)
 .text.remove_parents
                0x0000000000010de8       0x54 contiki-srf06-cc26xx.a(rpl-dag.o)
 .text.nullify_parents
                0x0000000000010e3c       0x54 contiki-srf06-cc26xx.a(rpl-dag.o)
 .text.should_refresh_routes
                0x0000000000010e90       0x4c contiki-srf06-cc26xx.a(rpl-dag.o)
 .text.acceptable_rank
                0x0000000000010edc       0x64 contiki-srf06-cc26xx.a(rpl-dag.o)
 .text.get_dag  0x0000000000010f40       0x68 contiki-srf06-cc26xx.a(rpl-dag.o)
 .text.rpl_repair_root
                0x0000000000010fa8       0xac contiki-srf06-cc26xx.a(rpl-dag.o)
                0x0000000000010fa8                rpl_repair_root
 .text.set_ip_from_prefix
                0x0000000000011054       0x40 contiki-srf06-cc26xx.a(rpl-dag.o)
 .text.check_prefix
                0x0000000000011094       0xa0 contiki-srf06-cc26xx.a(rpl-dag.o)
 .text.rpl_set_prefix
                0x0000000000011134       0x9c contiki-srf06-cc26xx.a(rpl-dag.o)
                0x0000000000011134                rpl_set_prefix
 .text.rpl_set_default_route
                0x00000000000111d0       0x54 contiki-srf06-cc26xx.a(rpl-dag.o)
                0x00000000000111d0                rpl_set_default_route
 .text.rpl_alloc_instance
                0x0000000000011224       0x70 contiki-srf06-cc26xx.a(rpl-dag.o)
                0x0000000000011224                rpl_alloc_instance
 .text.rpl_alloc_dag
                0x0000000000011294       0x8c contiki-srf06-cc26xx.a(rpl-dag.o)
                0x0000000000011294                rpl_alloc_dag
 .text.rpl_free_dag
                0x0000000000011320       0x5c contiki-srf06-cc26xx.a(rpl-dag.o)
                0x0000000000011320                rpl_free_dag
 .text.rpl_add_parent
                0x000000000001137c       0x58 contiki-srf06-cc26xx.a(rpl-dag.o)
                0x000000000001137c                rpl_add_parent
 .text.find_parent_any_dag_any_instance
                0x00000000000113d4       0x30 contiki-srf06-cc26xx.a(rpl-dag.o)
 .text.rpl_find_parent
                0x0000000000011404       0x30 contiki-srf06-cc26xx.a(rpl-dag.o)
                0x0000000000011404                rpl_find_parent
 .text.find_parent_dag
                0x0000000000011434       0x28 contiki-srf06-cc26xx.a(rpl-dag.o)
 .text.rpl_find_parent_any_dag
                0x000000000001145c       0x38 contiki-srf06-cc26xx.a(rpl-dag.o)
                0x000000000001145c                rpl_find_parent_any_dag
 .text.rpl_select_dag
                0x0000000000011494      0x240 contiki-srf06-cc26xx.a(rpl-dag.o)
                0x0000000000011494                rpl_select_dag
 .text.best_parent
                0x00000000000116d4       0xa8 contiki-srf06-cc26xx.a(rpl-dag.o)
 .text.rpl_select_parent
                0x000000000001177c       0x8c contiki-srf06-cc26xx.a(rpl-dag.o)
                0x000000000001177c                rpl_select_parent
 .text.rpl_remove_parent
                0x0000000000011808       0x24 contiki-srf06-cc26xx.a(rpl-dag.o)
                0x0000000000011808                rpl_remove_parent
 .text.rpl_nullify_parent
                0x000000000001182c       0x88 contiki-srf06-cc26xx.a(rpl-dag.o)
                0x000000000001182c                rpl_nullify_parent
 .text.rpl_move_parent
                0x00000000000118b4       0x8c contiki-srf06-cc26xx.a(rpl-dag.o)
                0x00000000000118b4                rpl_move_parent
 .text.rpl_get_dag
                0x0000000000011940       0xc4 contiki-srf06-cc26xx.a(rpl-dag.o)
                0x0000000000011940                rpl_get_dag
 .text.rpl_get_any_dag
                0x0000000000011a04       0x64 contiki-srf06-cc26xx.a(rpl-dag.o)
                0x0000000000011a04                rpl_get_any_dag
 .text.rpl_get_instance
                0x0000000000011a68       0x68 contiki-srf06-cc26xx.a(rpl-dag.o)
                0x0000000000011a68                rpl_get_instance
 .text.rpl_find_of
                0x0000000000011ad0       0x38 contiki-srf06-cc26xx.a(rpl-dag.o)
                0x0000000000011ad0                rpl_find_of
 .text.rpl_join_instance
                0x0000000000011b08      0x1cc contiki-srf06-cc26xx.a(rpl-dag.o)
                0x0000000000011b08                rpl_join_instance
 .text.rpl_add_dag
                0x0000000000011cd4      0x184 contiki-srf06-cc26xx.a(rpl-dag.o)
                0x0000000000011cd4                rpl_add_dag
 .text.global_repair
                0x0000000000011e58       0xf0 contiki-srf06-cc26xx.a(rpl-dag.o)
 .text.rpl_local_repair
                0x0000000000011f48       0xac contiki-srf06-cc26xx.a(rpl-dag.o)
                0x0000000000011f48                rpl_local_repair
 .text.rpl_recalculate_ranks
                0x0000000000011ff4       0x6c contiki-srf06-cc26xx.a(rpl-dag.o)
                0x0000000000011ff4                rpl_recalculate_ranks
 .text.rpl_process_parent_event
                0x0000000000012060       0xbc contiki-srf06-cc26xx.a(rpl-dag.o)
                0x0000000000012060                rpl_process_parent_event
 .text.add_nbr_from_dio
                0x000000000001211c       0x28 contiki-srf06-cc26xx.a(rpl-dag.o)
 .text.rpl_process_dio
                0x0000000000012144      0x32c contiki-srf06-cc26xx.a(rpl-dag.o)
                0x0000000000012144                rpl_process_dio
 .text.handle_periodic_timer
                0x0000000000012470       0x6c contiki-srf06-cc26xx.a(rpl-timers.o)
 .text.new_dio_interval
                0x00000000000124dc       0x88 contiki-srf06-cc26xx.a(rpl-timers.o)
 .text.handle_dio_timer
                0x0000000000012564       0xc8 contiki-srf06-cc26xx.a(rpl-timers.o)
 .text.rpl_reset_periodic_timer
                0x000000000001262c       0x44 contiki-srf06-cc26xx.a(rpl-timers.o)
                0x000000000001262c                rpl_reset_periodic_timer
 .text.rpl_reset_dio_timer
                0x0000000000012670       0x38 contiki-srf06-cc26xx.a(rpl-timers.o)
                0x0000000000012670                rpl_reset_dio_timer
 .text.set_dao_lifetime_timer
                0x00000000000126a8       0x6c contiki-srf06-cc26xx.a(rpl-timers.o)
 .text.handle_dao_timer
                0x0000000000012714       0x80 contiki-srf06-cc26xx.a(rpl-timers.o)
 .text.schedule_dao
                0x0000000000012794       0x78 contiki-srf06-cc26xx.a(rpl-timers.o)
 .text.rpl_schedule_dao
                0x000000000001280c       0x18 contiki-srf06-cc26xx.a(rpl-timers.o)
                0x000000000001280c                rpl_schedule_dao
 .text.handle_unicast_dio_timer
                0x0000000000012824       0x2c contiki-srf06-cc26xx.a(rpl-timers.o)
 .text.rpl_schedule_unicast_dio_immediately
                0x0000000000012850       0x24 contiki-srf06-cc26xx.a(rpl-timers.o)
                0x0000000000012850                rpl_schedule_unicast_dio_immediately
 .text.get_probing_delay
                0x0000000000012874       0x70 contiki-srf06-cc26xx.a(rpl-timers.o)
                0x0000000000012874                get_probing_delay
 .text.get_probing_target
                0x00000000000128e4      0x144 contiki-srf06-cc26xx.a(rpl-timers.o)
                0x00000000000128e4                get_probing_target
 .text.handle_probing_timer
                0x0000000000012a28       0x48 contiki-srf06-cc26xx.a(rpl-timers.o)
 .text.rpl_schedule_probing
                0x0000000000012a70       0x2c contiki-srf06-cc26xx.a(rpl-timers.o)
                0x0000000000012a70                rpl_schedule_probing
 .text.rpl_verify_hbh_header
                0x0000000000012a9c      0x210 contiki-srf06-cc26xx.a(rpl-ext-header.)
                0x0000000000012a9c                rpl_verify_hbh_header
 .text.update_hbh_header
                0x0000000000012cac      0x1ec contiki-srf06-cc26xx.a(rpl-ext-header.)
 .text.insert_hbh_header
                0x0000000000012e98      0x168 contiki-srf06-cc26xx.a(rpl-ext-header.)
 .text.rpl_remove_header
                0x0000000000013000      0x100 contiki-srf06-cc26xx.a(rpl-ext-header.)
                0x0000000000013000                rpl_remove_header
 .text.rpl_update_header
                0x0000000000013100       0xac contiki-srf06-cc26xx.a(rpl-ext-header.)
                0x0000000000013100                rpl_update_header
 .text.rpl_get_mode
                0x00000000000131ac        0xc contiki-srf06-cc26xx.a(rpl.o)
                0x00000000000131ac                rpl_get_mode
 .text.rpl_purge_routes
                0x00000000000131b8       0xa0 contiki-srf06-cc26xx.a(rpl.o)
                0x00000000000131b8                rpl_purge_routes
 .text.rpl_remove_routes
                0x0000000000013258       0x3c contiki-srf06-cc26xx.a(rpl.o)
                0x0000000000013258                rpl_remove_routes
 .text.rpl_remove_routes_by_nexthop
                0x0000000000013294       0x4c contiki-srf06-cc26xx.a(rpl.o)
                0x0000000000013294                rpl_remove_routes_by_nexthop
 .text.rpl_add_route
                0x00000000000132e0       0x74 contiki-srf06-cc26xx.a(rpl.o)
                0x00000000000132e0                rpl_add_route
 .text.rpl_link_neighbor_callback
                0x0000000000013354       0x98 contiki-srf06-cc26xx.a(rpl.o)
                0x0000000000013354                rpl_link_neighbor_callback
 .text.rpl_ipv6_neighbor_callback
                0x00000000000133ec       0x60 contiki-srf06-cc26xx.a(rpl.o)
                0x00000000000133ec                rpl_ipv6_neighbor_callback
 .text.rpl_purge_dags
                0x000000000001344c       0xa4 contiki-srf06-cc26xx.a(rpl.o)
                0x000000000001344c                rpl_purge_dags
 .text.rpl_init
                0x00000000000134f0       0x5c contiki-srf06-cc26xx.a(rpl.o)
                0x00000000000134f0                rpl_init
 .text.reset    0x000000000001354c        0x8 contiki-srf06-cc26xx.a(rpl-mrhof.o)
 .text.parent_link_metric
                0x0000000000013554       0x28 contiki-srf06-cc26xx.a(rpl-mrhof.o)
 .text.parent_path_cost
                0x000000000001357c       0x60 contiki-srf06-cc26xx.a(rpl-mrhof.o)
 .text.rank_via_parent
                0x00000000000135dc       0x68 contiki-srf06-cc26xx.a(rpl-mrhof.o)
 .text.parent_is_acceptable
                0x0000000000013644       0x40 contiki-srf06-cc26xx.a(rpl-mrhof.o)
 .text.parent_has_usable_link
                0x0000000000013684       0x2c contiki-srf06-cc26xx.a(rpl-mrhof.o)
 .text.best_parent
                0x00000000000136b0       0xd4 contiki-srf06-cc26xx.a(rpl-mrhof.o)
 .text.best_dag
                0x0000000000013784       0x5c contiki-srf06-cc26xx.a(rpl-mrhof.o)
 .text.update_metric_container
                0x00000000000137e0       0x10 contiki-srf06-cc26xx.a(rpl-mrhof.o)
 .text.prepare_for_dao_fwd
                0x00000000000137f0       0x6c contiki-srf06-cc26xx.a(rpl-icmp6.o)
 .text.get_global_addr
                0x000000000001385c       0x8c contiki-srf06-cc26xx.a(rpl-icmp6.o)
 .text.get32    0x00000000000138e8       0x40 contiki-srf06-cc26xx.a(rpl-icmp6.o)
 .text.set32    0x0000000000013928       0x5c contiki-srf06-cc26xx.a(rpl-icmp6.o)
 .text.get16    0x0000000000013984       0x2c contiki-srf06-cc26xx.a(rpl-icmp6.o)
 .text.set16    0x00000000000139b0       0x3c contiki-srf06-cc26xx.a(rpl-icmp6.o)
 .text.rpl_icmp6_update_nbr_table
                0x00000000000139ec       0x48 contiki-srf06-cc26xx.a(rpl-icmp6.o)
                0x00000000000139ec                rpl_icmp6_update_nbr_table
 .text.dis_input
                0x0000000000013a34       0x7c contiki-srf06-cc26xx.a(rpl-icmp6.o)
 .text.dis_output
                0x0000000000013ab0       0x78 contiki-srf06-cc26xx.a(rpl-icmp6.o)
                0x0000000000013ab0                dis_output
 .text.dio_input
                0x0000000000013b28      0x3f0 contiki-srf06-cc26xx.a(rpl-icmp6.o)
 .text.dio_output
                0x0000000000013f18      0x470 contiki-srf06-cc26xx.a(rpl-icmp6.o)
                0x0000000000013f18                dio_output
 .text.dao_input_storing
                0x0000000000014388      0x4e0 contiki-srf06-cc26xx.a(rpl-icmp6.o)
 .text.dao_input
                0x0000000000014868       0x58 contiki-srf06-cc26xx.a(rpl-icmp6.o)
 .text.dao_output
                0x00000000000148c0       0x94 contiki-srf06-cc26xx.a(rpl-icmp6.o)
                0x00000000000148c0                dao_output
 .text.dao_output_target
                0x0000000000014954       0x28 contiki-srf06-cc26xx.a(rpl-icmp6.o)
                0x0000000000014954                dao_output_target
 .text.dao_output_target_seq
                0x000000000001497c      0x254 contiki-srf06-cc26xx.a(rpl-icmp6.o)
 .text.dao_ack_input
                0x0000000000014bd0       0x18 contiki-srf06-cc26xx.a(rpl-icmp6.o)
 .text.dao_ack_output
                0x0000000000014be8       0x1c contiki-srf06-cc26xx.a(rpl-icmp6.o)
                0x0000000000014be8                dao_ack_output
 .text.rpl_icmp6_register_handlers
                0x0000000000014c04       0x2c contiki-srf06-cc26xx.a(rpl-icmp6.o)
                0x0000000000014c04                rpl_icmp6_register_handlers
 .text.SafeHapiVoid
                0x0000000000014c30       0x44 contiki-srf06-cc26xx.a(adi.o)
                0x0000000000014c30                SafeHapiVoid
 .text.AONWUCJtagPowerOff
                0x0000000000014c74        0xc contiki-srf06-cc26xx.a(setup.o)
 .text.NOROM_SetupTrimDevice
                0x0000000000014c80       0xe4 contiki-srf06-cc26xx.a(setup.o)
                0x0000000000014c80                NOROM_SetupTrimDevice
 .text.TrimAfterColdResetWakeupFromShutDownWakeupFromPowerDown
                0x0000000000014d64        0x4 contiki-srf06-cc26xx.a(setup.o)
 .text.TrimAfterColdResetWakeupFromShutDown
                0x0000000000014d68      0x114 contiki-srf06-cc26xx.a(setup.o)
 .text.TrimAfterColdReset
                0x0000000000014e7c        0x4 contiki-srf06-cc26xx.a(setup.o)
 .text.AuxAdiDdiSafeWrite
                0x0000000000014e80       0x6c contiki-srf06-cc26xx.a(ddi.o)
 .text.AuxAdiDdiSafeRead
                0x0000000000014eec       0x6c contiki-srf06-cc26xx.a(ddi.o)
 .text.NOROM_DDI32RegWrite
                0x0000000000014f58       0x20 contiki-srf06-cc26xx.a(ddi.o)
                0x0000000000014f58                NOROM_DDI32RegWrite
 .text.NOROM_DDI16BitfieldWrite
                0x0000000000014f78       0x58 contiki-srf06-cc26xx.a(ddi.o)
                0x0000000000014f78                NOROM_DDI16BitfieldWrite
 .text.NOROM_DDI16BitfieldRead
                0x0000000000014fd0       0x64 contiki-srf06-cc26xx.a(ddi.o)
                0x0000000000014fd0                NOROM_DDI16BitfieldRead
 .text.ChipInfo_GetDeviceIdHwRevCode
                0x0000000000015034       0x10 contiki-srf06-cc26xx.a(chipinfo.o)
 .text.ChipInfo_GetMinorHwRev
                0x0000000000015044       0x20 contiki-srf06-cc26xx.a(chipinfo.o)
 .text.ChipInfo_GetUserId
                0x0000000000015064        0xc contiki-srf06-cc26xx.a(chipinfo.o)
 .text.ChipInfo_ChipFamilyIsCC26xx
                0x0000000000015070       0x18 contiki-srf06-cc26xx.a(chipinfo.o)
 .text.ChipInfo_HwRevisionIs_GTEQ_2_2
                0x0000000000015088       0x18 contiki-srf06-cc26xx.a(chipinfo.o)
 .text.NOROM_ChipInfo_GetSupportedProtocol_BV
                0x00000000000150a0       0x14 contiki-srf06-cc26xx.a(chipinfo.o)
                0x00000000000150a0                NOROM_ChipInfo_GetSupportedProtocol_BV
 .text.NOROM_ChipInfo_GetChipFamily
                0x00000000000150b4       0x84 contiki-srf06-cc26xx.a(chipinfo.o)
                0x00000000000150b4                NOROM_ChipInfo_GetChipFamily
 .text.NOROM_ChipInfo_GetChipType
                0x0000000000015138       0xcc contiki-srf06-cc26xx.a(chipinfo.o)
                0x0000000000015138                NOROM_ChipInfo_GetChipType
 .text.NOROM_ChipInfo_GetHwRevision
                0x0000000000015204       0xf4 contiki-srf06-cc26xx.a(chipinfo.o)
                0x0000000000015204                NOROM_ChipInfo_GetHwRevision
 .text.NOROM_ThisCodeIsBuiltForCC26xxHwRev22AndLater_HaltIfViolated
                0x00000000000152f8       0x28 contiki-srf06-cc26xx.a(chipinfo.o)
                0x00000000000152f8                NOROM_ThisCodeIsBuiltForCC26xxHwRev22AndLater_HaltIfViolated
 .text.NOROM_CPUcpsid
                0x0000000000015320       0x10 contiki-srf06-cc26xx.a(cpu.o)
                0x0000000000015320                NOROM_CPUcpsid
 .text.NOROM_CPUcpsie
                0x0000000000015330       0x10 contiki-srf06-cc26xx.a(cpu.o)
                0x0000000000015330                NOROM_CPUcpsie
 .text.PRCMMcuUldoConfigure
                0x0000000000015340       0x14 contiki-srf06-cc26xx.a(pwr_ctrl.o)
 .text.NOROM_PowerCtrlSourceSet
                0x0000000000015354       0x40 contiki-srf06-cc26xx.a(pwr_ctrl.o)
                0x0000000000015354                NOROM_PowerCtrlSourceSet
 .text.NOROM_OSCClockSourceSet
                0x0000000000015394       0x68 contiki-srf06-cc26xx.a(osc.o)
                0x0000000000015394                NOROM_OSCClockSourceSet
 .text.NOROM_OSCClockSourceGet
                0x00000000000153fc       0x40 contiki-srf06-cc26xx.a(osc.o)
                0x00000000000153fc                NOROM_OSCClockSourceGet
 .text.NOROM_TRNGConfigure
                0x000000000001543c       0x58 contiki-srf06-cc26xx.a(trng.o)
                0x000000000001543c                NOROM_TRNGConfigure
 .text.SetupSignExtendVddrTrimValue
                0x0000000000015494       0x1c contiki-srf06-cc26xx.a(sys_ctrl.o)
 .text.NOROM_SysCtrlSetRechargeBeforePowerDown
                0x00000000000154b0      0x328 contiki-srf06-cc26xx.a(sys_ctrl.o)
                0x00000000000154b0                NOROM_SysCtrlSetRechargeBeforePowerDown
 .text.NOROM_SysCtrlAdjustRechargeAfterPowerDown
                0x00000000000157d8       0xac contiki-srf06-cc26xx.a(sys_ctrl.o)
                0x00000000000157d8                NOROM_SysCtrlAdjustRechargeAfterPowerDown
 .text.NOROM_SysCtrl_DCDC_VoltageConditionalControl
                0x0000000000015884       0xc4 contiki-srf06-cc26xx.a(sys_ctrl.o)
                0x0000000000015884                NOROM_SysCtrl_DCDC_VoltageConditionalControl
 .text.NOROM_AONRTCCurrentCompareValueGet
                0x0000000000015948       0x34 contiki-srf06-cc26xx.a(aon_rtc.o)
                0x0000000000015948                NOROM_AONRTCCurrentCompareValueGet
 .text.queuebuf_load_to_ram
                0x000000000001597c       0x10 contiki-srf06-cc26xx.a(queuebuf.o)
 .text.queuebuf_init
                0x000000000001598c       0x18 contiki-srf06-cc26xx.a(queuebuf.o)
                0x000000000001598c                queuebuf_init
 .text.queuebuf_numfree
                0x00000000000159a4       0x14 contiki-srf06-cc26xx.a(queuebuf.o)
                0x00000000000159a4                queuebuf_numfree
 .text.queuebuf_new_from_packetbuf
                0x00000000000159b8       0x70 contiki-srf06-cc26xx.a(queuebuf.o)
                0x00000000000159b8                queuebuf_new_from_packetbuf
 .text.queuebuf_update_attr_from_packetbuf
                0x0000000000015a28       0x28 contiki-srf06-cc26xx.a(queuebuf.o)
                0x0000000000015a28                queuebuf_update_attr_from_packetbuf
 .text.queuebuf_update_from_packetbuf
                0x0000000000015a50       0x38 contiki-srf06-cc26xx.a(queuebuf.o)
                0x0000000000015a50                queuebuf_update_from_packetbuf
 .text.queuebuf_free
                0x0000000000015a88       0x38 contiki-srf06-cc26xx.a(queuebuf.o)
                0x0000000000015a88                queuebuf_free
 .text.queuebuf_to_packetbuf
                0x0000000000015ac0       0x48 contiki-srf06-cc26xx.a(queuebuf.o)
                0x0000000000015ac0                queuebuf_to_packetbuf
 .text.queuebuf_attr
                0x0000000000015b08       0x2c contiki-srf06-cc26xx.a(queuebuf.o)
                0x0000000000015b08                queuebuf_attr
 .text.key_from_index
                0x0000000000015b34       0x2c contiki-srf06-cc26xx.a(nbr-table.o)
 .text.item_from_index
                0x0000000000015b60       0x30 contiki-srf06-cc26xx.a(nbr-table.o)
 .text.index_from_key
                0x0000000000015b90       0x30 contiki-srf06-cc26xx.a(nbr-table.o)
 .text.index_from_item
                0x0000000000015bc0       0x30 contiki-srf06-cc26xx.a(nbr-table.o)
 .text.item_from_key
                0x0000000000015bf0       0x24 contiki-srf06-cc26xx.a(nbr-table.o)
 .text.key_from_item
                0x0000000000015c14       0x24 contiki-srf06-cc26xx.a(nbr-table.o)
 .text.index_from_lladdr
                0x0000000000015c38       0x64 contiki-srf06-cc26xx.a(nbr-table.o)
 .text.nbr_get_bit
                0x0000000000015c9c       0x50 contiki-srf06-cc26xx.a(nbr-table.o)
 .text.nbr_set_bit
                0x0000000000015cec       0x8c contiki-srf06-cc26xx.a(nbr-table.o)
 .text.remove_key